Archive member included to satisfy reference by file (symbol)

/home/hwabok/st/stm32cubeide_1.15.1/plugins/com.st.stm32cube.ide.mcu.externaltools.gnu-tools-for-stm32.12.3.rel1.linux64_1.0.100.202403111256/tools/bin/../lib/gcc/arm-none-eabi/12.3.1/../../../../arm-none-eabi/lib/thumb/v7e-m+fp/hard/libc_nano.a(libc_a-exit.o)
                              /home/hwabok/st/stm32cubeide_1.15.1/plugins/com.st.stm32cube.ide.mcu.externaltools.gnu-tools-for-stm32.12.3.rel1.linux64_1.0.100.202403111256/tools/bin/../lib/gcc/arm-none-eabi/12.3.1/../../../../arm-none-eabi/lib/thumb/v7e-m+fp/hard/crt0.o (exit)
/home/hwabok/st/stm32cubeide_1.15.1/plugins/com.st.stm32cube.ide.mcu.externaltools.gnu-tools-for-stm32.12.3.rel1.linux64_1.0.100.202403111256/tools/bin/../lib/gcc/arm-none-eabi/12.3.1/../../../../arm-none-eabi/lib/thumb/v7e-m+fp/hard/libc_nano.a(libc_a-findfp.o)
                              ./Middlewares/Third_Party/FreeRTOS/Source/tasks.o (__sf)
/home/hwabok/st/stm32cubeide_1.15.1/plugins/com.st.stm32cube.ide.mcu.externaltools.gnu-tools-for-stm32.12.3.rel1.linux64_1.0.100.202403111256/tools/bin/../lib/gcc/arm-none-eabi/12.3.1/../../../../arm-none-eabi/lib/thumb/v7e-m+fp/hard/libc_nano.a(libc_a-fwalk.o)
                              /home/hwabok/st/stm32cubeide_1.15.1/plugins/com.st.stm32cube.ide.mcu.externaltools.gnu-tools-for-stm32.12.3.rel1.linux64_1.0.100.202403111256/tools/bin/../lib/gcc/arm-none-eabi/12.3.1/../../../../arm-none-eabi/lib/thumb/v7e-m+fp/hard/libc_nano.a(libc_a-findfp.o) (_fwalk_sglue)
/home/hwabok/st/stm32cubeide_1.15.1/plugins/com.st.stm32cube.ide.mcu.externaltools.gnu-tools-for-stm32.12.3.rel1.linux64_1.0.100.202403111256/tools/bin/../lib/gcc/arm-none-eabi/12.3.1/../../../../arm-none-eabi/lib/thumb/v7e-m+fp/hard/libc_nano.a(libc_a-stdio.o)
                              /home/hwabok/st/stm32cubeide_1.15.1/plugins/com.st.stm32cube.ide.mcu.externaltools.gnu-tools-for-stm32.12.3.rel1.linux64_1.0.100.202403111256/tools/bin/../lib/gcc/arm-none-eabi/12.3.1/../../../../arm-none-eabi/lib/thumb/v7e-m+fp/hard/libc_nano.a(libc_a-findfp.o) (__sread)
/home/hwabok/st/stm32cubeide_1.15.1/plugins/com.st.stm32cube.ide.mcu.externaltools.gnu-tools-for-stm32.12.3.rel1.linux64_1.0.100.202403111256/tools/bin/../lib/gcc/arm-none-eabi/12.3.1/../../../../arm-none-eabi/lib/thumb/v7e-m+fp/hard/libc_nano.a(libc_a-memset.o)
                              /home/hwabok/st/stm32cubeide_1.15.1/plugins/com.st.stm32cube.ide.mcu.externaltools.gnu-tools-for-stm32.12.3.rel1.linux64_1.0.100.202403111256/tools/bin/../lib/gcc/arm-none-eabi/12.3.1/../../../../arm-none-eabi/lib/thumb/v7e-m+fp/hard/crt0.o (memset)
/home/hwabok/st/stm32cubeide_1.15.1/plugins/com.st.stm32cube.ide.mcu.externaltools.gnu-tools-for-stm32.12.3.rel1.linux64_1.0.100.202403111256/tools/bin/../lib/gcc/arm-none-eabi/12.3.1/../../../../arm-none-eabi/lib/thumb/v7e-m+fp/hard/libc_nano.a(libc_a-strchr.o)
                              ./Core/Src/uart_receive_dma.o (strchr)
/home/hwabok/st/stm32cubeide_1.15.1/plugins/com.st.stm32cube.ide.mcu.externaltools.gnu-tools-for-stm32.12.3.rel1.linux64_1.0.100.202403111256/tools/bin/../lib/gcc/arm-none-eabi/12.3.1/../../../../arm-none-eabi/lib/thumb/v7e-m+fp/hard/libc_nano.a(libc_a-closer.o)
                              /home/hwabok/st/stm32cubeide_1.15.1/plugins/com.st.stm32cube.ide.mcu.externaltools.gnu-tools-for-stm32.12.3.rel1.linux64_1.0.100.202403111256/tools/bin/../lib/gcc/arm-none-eabi/12.3.1/../../../../arm-none-eabi/lib/thumb/v7e-m+fp/hard/libc_nano.a(libc_a-stdio.o) (_close_r)
/home/hwabok/st/stm32cubeide_1.15.1/plugins/com.st.stm32cube.ide.mcu.externaltools.gnu-tools-for-stm32.12.3.rel1.linux64_1.0.100.202403111256/tools/bin/../lib/gcc/arm-none-eabi/12.3.1/../../../../arm-none-eabi/lib/thumb/v7e-m+fp/hard/libc_nano.a(libc_a-reent.o)
                              ./Middlewares/Third_Party/FreeRTOS/Source/tasks.o (_reclaim_reent)
/home/hwabok/st/stm32cubeide_1.15.1/plugins/com.st.stm32cube.ide.mcu.externaltools.gnu-tools-for-stm32.12.3.rel1.linux64_1.0.100.202403111256/tools/bin/../lib/gcc/arm-none-eabi/12.3.1/../../../../arm-none-eabi/lib/thumb/v7e-m+fp/hard/libc_nano.a(libc_a-impure.o)
                              ./Middlewares/Third_Party/FreeRTOS/Source/tasks.o (_impure_ptr)
/home/hwabok/st/stm32cubeide_1.15.1/plugins/com.st.stm32cube.ide.mcu.externaltools.gnu-tools-for-stm32.12.3.rel1.linux64_1.0.100.202403111256/tools/bin/../lib/gcc/arm-none-eabi/12.3.1/../../../../arm-none-eabi/lib/thumb/v7e-m+fp/hard/libc_nano.a(libc_a-lseekr.o)
                              /home/hwabok/st/stm32cubeide_1.15.1/plugins/com.st.stm32cube.ide.mcu.externaltools.gnu-tools-for-stm32.12.3.rel1.linux64_1.0.100.202403111256/tools/bin/../lib/gcc/arm-none-eabi/12.3.1/../../../../arm-none-eabi/lib/thumb/v7e-m+fp/hard/libc_nano.a(libc_a-stdio.o) (_lseek_r)
[...]
Memory Configuration

Name             Origin             Length             Attributes
RAM              0x20000000         0x00020000         xrw
FLASH            0x08000000         0x00080000         xr
*default*        0x00000000         0xffffffff

Linker script and memory map

LOAD /home/hwabok/st/stm32cubeide_1.15.1/plugins/com.st.stm32cube.ide.mcu.externaltools.gnu-tools-for-stm32.12.3.rel1.linux64_1.0.100.202403111256/tools/bin/../lib/gcc/arm-none-eabi/12.3.1/thumb/v7e-m+fp/hard/crti.o
LOAD /home/hwabok/st/stm32cubeide_1.15.1/plugins/com.st.stm32cube.ide.mcu.externaltools.gnu-tools-for-stm32.12.3.rel1.linux64_1.0.100.202403111256/tools/bin/../lib/gcc/arm-none-eabi/12.3.1/thumb/v7e-m+fp/hard/crtbegin.o
LOAD /home/hwabok/st/stm32cubeide_1.15.1/plugins/com.st.stm32cube.ide.mcu.externaltools.gnu-tools-for-stm32.12.3.rel1.linux64_1.0.100.202403111256/tools/bin/../lib/gcc/arm-none-eabi/12.3.1/../../../../arm-none-eabi/lib/thumb/v7e-m+fp/hard/crt0.o
LOAD ./Core/Src/custom_memory_manager.o
LOAD ./Core/Src/dma.o
LOAD ./Core/Src/dma_transport.o
LOAD ./Core/Src/freertos.o
LOAD ./Core/Src/gpio.o
LOAD ./Core/Src/main.o
LOAD ./Core/Src/microros_allocators.o
LOAD ./Core/Src/microros_time.o
LOAD ./Core/Src/rc522.o
LOAD ./Core/Src/scan_motor.o
LOAD ./Core/Src/spi.o
LOAD ./Core/Src/stm32f4xx_hal_msp.o
LOAD ./Core/Src/stm32f4xx_hal_timebase_tim.o
LOAD ./Core/Src/stm32f4xx_it.o
LOAD ./Core/Src/syscalls.o
LOAD ./Core/Src/sysmem.o
LOAD ./Core/Src/system_stm32f4xx.o
LOAD ./Core/Src/tim.o
LOAD ./Core/Src/uart_receive_dma.o
LOAD ./Core/Src/usart.o
LOAD ./Core/Startup/startup_stm32f446retx.o
LOAD ./Drivers/STM32F4xx_HAL_Driver/Src/stm32f4xx_hal.o
LOAD ./Drivers/STM32F4xx_HAL_Driver/Src/stm32f4xx_hal_cortex.o
LOAD ./Drivers/STM32F4xx_HAL_Driver/Src/stm32f4xx_hal_dma.o
LOAD ./Drivers/STM32F4xx_HAL_Driver/Src/stm32f4xx_hal_dma_ex.o
LOAD ./Drivers/STM32F4xx_HAL_Driver/Src/stm32f4xx_hal_exti.o
LOAD ./Drivers/STM32F4xx_HAL_Driver/Src/stm32f4xx_hal_flash.o
LOAD ./Drivers/STM32F4xx_HAL_Driver/Src/stm32f4xx_hal_flash_ex.o
LOAD ./Drivers/STM32F4xx_HAL_Driver/Src/stm32f4xx_hal_flash_ramfunc.o
LOAD ./Drivers/STM32F4xx_HAL_Driver/Src/stm32f4xx_hal_gpio.o
LOAD ./Drivers/STM32F4xx_HAL_Driver/Src/stm32f4xx_hal_pwr.o
LOAD ./Drivers/STM32F4xx_HAL_Driver/Src/stm32f4xx_hal_pwr_ex.o
LOAD ./Drivers/STM32F4xx_HAL_Driver/Src/stm32f4xx_hal_rcc.o
LOAD ./Drivers/STM32F4xx_HAL_Driver/Src/stm32f4xx_hal_rcc_ex.o
LOAD ./Drivers/STM32F4xx_HAL_Driver/Src/stm32f4xx_hal_spi.o
LOAD ./Drivers/STM32F4xx_HAL_Driver/Src/stm32f4xx_hal_tim.o
LOAD ./Drivers/STM32F4xx_HAL_Driver/Src/stm32f4xx_hal_tim_ex.o
LOAD ./Drivers/STM32F4xx_HAL_Driver/Src/stm32f4xx_hal_uart.o
LOAD ./Middlewares/Third_Party/FreeRTOS/Source/CMSIS_RTOS/cmsis_os.o
LOAD ./Middlewares/Third_Party/FreeRTOS/Source/croutine.o
LOAD ./Middlewares/Third_Party/FreeRTOS/Source/event_groups.o
LOAD ./Middlewares/Third_Party/FreeRTOS/Source/list.o
LOAD ./Middlewares/Third_Party/FreeRTOS/Source/queue.o
LOAD ./Middlewares/Third_Party/FreeRTOS/Source/stream_buffer.o
LOAD ./Middlewares/Third_Party/FreeRTOS/Source/tasks.o
LOAD ./Middlewares/Third_Party/FreeRTOS/Source/timers.o
LOAD ./Middlewares/Third_Party/FreeRTOS/Source/portable/GCC/ARM_CM4F/port.o
LOAD ./Middlewares/Third_Party/FreeRTOS/Source/portable/MemMang/heap_4.o
LOAD /home/hwabok/STM32CubeIDE/workspace_1.15.1/library-robot-library-robot-RFID_Moter_f446re_fix-main/Debug/../micro_ros_stm32cubemx_utils/microros_static_library_ide/libmicroros/libmicroros.a
START GROUP
LOAD /home/hwabok/st/stm32cubeide_1.15.1/plugins/com.st.stm32cube.ide.mcu.externaltools.gnu-tools-for-stm32.12.3.rel1.linux64_1.0.100.202403111256/tools/bin/../lib/gcc/arm-none-eabi/12.3.1/../../../../arm-none-eabi/lib/thumb/v7e-m+fp/hard/libc_nano.a
LOAD /home/hwabok/st/stm32cubeide_1.15.1/plugins/com.st.stm32cube.ide.mcu.externaltools.gnu-tools-for-stm32.12.3.rel1.linux64_1.0.100.202403111256/tools/bin/../lib/gcc/arm-none-eabi/12.3.1/../../../../arm-none-eabi/lib/thumb/v7e-m+fp/hard/libm.a
END GROUP
START GROUP
LOAD /home/hwabok/st/stm32cubeide_1.15.1/plugins/com.st.stm32cube.ide.mcu.externaltools.gnu-tools-for-stm32.12.3.rel1.linux64_1.0.100.202403111256/tools/bin/../lib/gcc/arm-none-eabi/12.3.1/thumb/v7e-m+fp/hard/libgcc.a
LOAD /home/hwabok/st/stm32cubeide_1.15.1/plugins/com.st.stm32cube.ide.mcu.externaltools.gnu-tools-for-stm32.12.3.rel1.linux64_1.0.100.202403111256/tools/bin/../lib/gcc/arm-none-eabi/12.3.1/../../../../arm-none-eabi/lib/thumb/v7e-m+fp/hard/libc_nano.a
END GROUP
START GROUP
LOAD /home/hwabok/st/stm32cubeide_1.15.1/plugins/com.st.stm32cube.ide.mcu.externaltools.gnu-tools-for-stm32.12.3.rel1.linux64_1.0.100.202403111256/tools/bin/../lib/gcc/arm-none-eabi/12.3.1/thumb/v7e-m+fp/hard/libgcc.a
LOAD /home/hwabok/st/stm32cubeide_1.15.1/plugins/com.st.stm32cube.ide.mcu.externaltools.gnu-tools-for-stm32.12.3.rel1.linux64_1.0.100.202403111256/tools/bin/../lib/gcc/arm-none-eabi/12.3.1/../../../../arm-none-eabi/lib/thumb/v7e-m+fp/hard/libc_nano.a
LOAD /home/hwabok/st/stm32cubeide_1.15.1/plugins/com.st.stm32cube.ide.mcu.externaltools.gnu-tools-for-stm32.12.3.rel1.linux64_1.0.100.202403111256/tools/bin/../lib/gcc/arm-none-eabi/12.3.1/../../../../arm-none-eabi/lib/thumb/v7e-m+fp/hard/libnosys.a
END GROUP
START GROUP
LOAD /home/hwabok/st/stm32cubeide_1.15.1/plugins/com.st.stm32cube.ide.mcu.externaltools.gnu-tools-for-stm32.12.3.rel1.linux64_1.0.100.202403111256/tools/bin/../lib/gcc/arm-none-eabi/12.3.1/thumb/v7e-m+fp/hard/libgcc.a
LOAD /home/hwabok/st/stm32cubeide_1.15.1/plugins/com.st.stm32cube.ide.mcu.externaltools.gnu-tools-for-stm32.12.3.rel1.linux64_1.0.100.202403111256/tools/bin/../lib/gcc/arm-none-eabi/12.3.1/../../../../arm-none-eabi/lib/thumb/v7e-m+fp/hard/libc_nano.a
LOAD /home/hwabok/st/stm32cubeide_1.15.1/plugins/com.st.stm32cube.ide.mcu.externaltools.gnu-tools-for-stm32.12.3.rel1.linux64_1.0.100.202403111256/tools/bin/../lib/gcc/arm-none-eabi/12.3.1/../../../../arm-none-eabi/lib/thumb/v7e-m+fp/hard/libnosys.a
END GROUP
LOAD /home/hwabok/st/stm32cubeide_1.15.1/plugins/com.st.stm32cube.ide.mcu.externaltools.gnu-tools-for-stm32.12.3.rel1.linux64_1.0.100.202403111256/tools/bin/../lib/gcc/arm-none-eabi/12.3.1/thumb/v7e-m+fp/hard/crtend.o
LOAD /home/hwabok/st/stm32cubeide_1.15.1/plugins/com.st.stm32cube.ide.mcu.externaltools.gnu-tools-for-stm32.12.3.rel1.linux64_1.0.100.202403111256/tools/bin/../lib/gcc/arm-none-eabi/12.3.1/thumb/v7e-m+fp/hard/crtn.o
                0x20020000                        _estack = (ORIGIN (RAM) + LENGTH (RAM))
                0x00000200                        _Min_Heap_Size = 0x200
                0x00000400                        _Min_Stack_Size = 0x400

.isr_vector     0x08000000      0x1c4
                0x08000000                        . = ALIGN (0x4)
 *(.isr_vector)
 .isr_vector    0x08000000      0x1c4 ./Core/Startup/startup_stm32f446retx.o
                0x08000000                g_pfnVectors
                0x080001c4                        . = ALIGN (0x4)

.text           0x080001d0     0x7fb0
                0x080001d0                        . = ALIGN (0x4)
 *(.text)
 .text          0x080001d0       0x40 /home/hwabok/st/stm32cubeide_1.15.1/plugins/com.st.stm32cube.ide.mcu.externaltools.gnu-tools-for-stm32.12.3.rel1.linux64_1.0.100.202403111256/tools/bin/../lib/gcc/arm-none-eabi/12.3.1/thumb/v7e-m+fp/hard/crtbegin.o
 .text          0x08000210       0x30 /home/hwabok/st/stm32cubeide_1.15.1/plugins/com.st.stm32cube.ide.mcu.externaltools.gnu-tools-for-stm32.12.3.rel1.linux64_1.0.100.202403111256/tools/bin/../lib/gcc/arm-none-eabi/12.3.1/thumb/v7e-m+fp/hard/libgcc.a(_aeabi_uldivmod.o)
                0x08000210                __aeabi_uldivmod
 .text          0x08000240      0x2bc /home/hwabok/st/stm32cubeide_1.15.1/plugins/com.st.stm32cube.ide.mcu.externaltools.gnu-tools-for-stm32.12.3.rel1.linux64_1.0.100.202403111256/tools/bin/../lib/gcc/arm-none-eabi/12.3.1/thumb/v7e-m+fp/hard/libgcc.a(_udivmoddi4.o)
                0x08000240                __udivmoddi4
 .text          0x080004fc        0x4 /home/hwabok/st/stm32cubeide_1.15.1/plugins/com.st.stm32cube.ide.mcu.externaltools.gnu-tools-for-stm32.12.3.rel1.linux64_1.0.100.202403111256/tools/bin/../lib/gcc/arm-none-eabi/12.3.1/thumb/v7e-m+fp/hard/libgcc.a(_dvmd_tls.o)
                0x080004fc                __aeabi_ldiv0
                0x080004fc                __aeabi_idiv0
 *(.text*)
 .text.MX_DMA_Init
                0x08000500       0x6c ./Core/Src/dma.o
                0x08000500                MX_DMA_Init
 .text.vApplicationGetIdleTaskMemory
                0x0800056c       0x34 ./Core/Src/freertos.o
                0x0800056c                vApplicationGetIdleTaskMemory
 .text.MX_FREERTOS_Init
                0x080005a0      0x120 ./Core/Src/freertos.o
                0x080005a0                MX_FREERTOS_Init
 .text.StartDefaultTask
                0x080006c0       0x1a ./Core/Src/freertos.o
                0x080006c0                StartDefaultTask
 *fill*         0x080006da        0x2 
 .text.StartRfidExecuteTask
                0x080006dc       0x50 ./Core/Src/freertos.o
                0x080006dc                StartRfidExecuteTask
 .text.StartTagNumTransmitTask
                0x0800072c       0x28 ./Core/Src/freertos.o
                0x0800072c                StartTagNumTransmitTask
 .text.rc522_readTask
                0x08000754       0x5c ./Core/Src/freertos.o
                0x08000754                rc522_readTask
 .text.controlmotor
                0x080007b0       0x38 ./Core/Src/freertos.o
                0x080007b0                controlmotor
 .text.StarttransmitTask2
                0x080007e8       0x28 ./Core/Src/freertos.o
                0x080007e8                StarttransmitTask2
 .text.MX_GPIO_Init
                0x08000810      0x138 ./Core/Src/gpio.o
                0x08000810                MX_GPIO_Init
 .text.HAL_GPIO_EXTI_Callback
                0x08000948       0x74 ./Core/Src/main.o
                0x08000948                HAL_GPIO_EXTI_Callback
 .text.main     0x080009bc       0x64 ./Core/Src/main.o
                0x080009bc                main
 .text.SystemClock_Config
                0x08000a20       0xe4 ./Core/Src/main.o
                0x08000a20                SystemClock_Config
 .text.HAL_TIM_PeriodElapsedCallback
                0x08000b04       0x24 ./Core/Src/main.o
                0x08000b04                HAL_TIM_PeriodElapsedCallback
 .text.Error_Handler
                0x08000b28        0xc ./Core/Src/main.o
                0x08000b28                Error_Handler
 .text.RC522_SPI_Transfer
                0x08000b34       0x2c ./Core/Src/rc522.o
                0x08000b34                RC522_SPI_Transfer
 .text.Write_MFRC522
                0x08000b60       0x4c ./Core/Src/rc522.o
                0x08000b60                Write_MFRC522
 .text.Read_MFRC522
                0x08000bac       0x50 ./Core/Src/rc522.o
                0x08000bac                Read_MFRC522
 .text.SetBitMask
                0x08000bfc       0x36 ./Core/Src/rc522.o
                0x08000bfc                SetBitMask
 .text.ClearBitMask
                0x08000c32       0x40 ./Core/Src/rc522.o
                0x08000c32                ClearBitMask
 .text.AntennaOn
                0x08000c72       0x16 ./Core/Src/rc522.o
                0x08000c72                AntennaOn
 .text.MFRC522_Reset
                0x08000c88       0x10 ./Core/Src/rc522.o
                0x08000c88                MFRC522_Reset
 .text.MFRC522_Init
                0x08000c98       0x5c ./Core/Src/rc522.o
                0x08000c98                MFRC522_Init
 .text.MFRC522_ToCard
                0x08000cf4      0x192 ./Core/Src/rc522.o
                0x08000cf4                MFRC522_ToCard
 .text.MFRC522_Request
                0x08000e86       0x4a ./Core/Src/rc522.o
                0x08000e86                MFRC522_Request
 .text.MFRC522_Anticoll
                0x08000ed0       0x7a ./Core/Src/rc522.o
                0x08000ed0                MFRC522_Anticoll
 *fill*         0x08000f4a        0x2 
 .text.scan_motor_up
                0x08000f4c       0x5c ./Core/Src/scan_motor.o
                0x08000f4c                scan_motor_up
 .text.scan_motor_down
                0x08000fa8       0x5c ./Core/Src/scan_motor.o
                0x08000fa8                scan_motor_down
 .text.change_motor_direction
                0x08001004       0x4c ./Core/Src/scan_motor.o
                0x08001004                change_motor_direction
 .text.MX_SPI2_Init
                0x08001050       0x6c ./Core/Src/spi.o
                0x08001050                MX_SPI2_Init
 .text.HAL_SPI_MspInit
                0x080010bc      0x100 ./Core/Src/spi.o
                0x080010bc                HAL_SPI_MspInit
 .text.HAL_MspInit
                0x080011bc       0x58 ./Core/Src/stm32f4xx_hal_msp.o
                0x080011bc                HAL_MspInit
 .text.HAL_InitTick
                0x08001214       0xf8 ./Core/Src/stm32f4xx_hal_timebase_tim.o
                0x08001214                HAL_InitTick
 .text.NMI_Handler
                0x0800130c        0x8 ./Core/Src/stm32f4xx_it.o
                0x0800130c                NMI_Handler
 .text.HardFault_Handler
                0x08001314        0x8 ./Core/Src/stm32f4xx_it.o
                0x08001314                HardFault_Handler
 .text.MemManage_Handler
                0x0800131c        0x8 ./Core/Src/stm32f4xx_it.o
                0x0800131c                MemManage_Handler
 .text.BusFault_Handler
                0x08001324        0x8 ./Core/Src/stm32f4xx_it.o
                0x08001324                BusFault_Handler
 .text.UsageFault_Handler
                0x0800132c        0x8 ./Core/Src/stm32f4xx_it.o
                0x0800132c                UsageFault_Handler
 .text.DebugMon_Handler
                0x08001334        0xe ./Core/Src/stm32f4xx_it.o
                0x08001334                DebugMon_Handler
 .text.EXTI4_IRQHandler
                0x08001342        0xe ./Core/Src/stm32f4xx_it.o
                0x08001342                EXTI4_IRQHandler
 .text.DMA1_Stream5_IRQHandler
                0x08001350       0x14 ./Core/Src/stm32f4xx_it.o
                0x08001350                DMA1_Stream5_IRQHandler
 .text.EXTI9_5_IRQHandler
                0x08001364        0xe ./Core/Src/stm32f4xx_it.o
                0x08001364                EXTI9_5_IRQHandler
 *fill*         0x08001372        0x2 
 .text.TIM4_IRQHandler
                0x08001374       0x14 ./Core/Src/stm32f4xx_it.o
                0x08001374                TIM4_IRQHandler
 .text.SPI2_IRQHandler
                0x08001388       0x14 ./Core/Src/stm32f4xx_it.o
                0x08001388                SPI2_IRQHandler
 .text.USART1_IRQHandler
                0x0800139c       0x14 ./Core/Src/stm32f4xx_it.o
                0x0800139c                USART1_IRQHandler
 .text.USART3_IRQHandler
                0x080013b0       0x14 ./Core/Src/stm32f4xx_it.o
                0x080013b0                USART3_IRQHandler
 .text.DMA2_Stream5_IRQHandler
                0x080013c4       0x14 ./Core/Src/stm32f4xx_it.o
                0x080013c4                DMA2_Stream5_IRQHandler
 .text.SystemInit
                0x080013d8       0x24 ./Core/Src/system_stm32f4xx.o
                0x080013d8                SystemInit
 .text.MX_TIM1_Init
                0x080013fc      0x108 ./Core/Src/tim.o
                0x080013fc                MX_TIM1_Init
 .text.HAL_TIM_PWM_MspInit
                0x08001504       0x44 ./Core/Src/tim.o
                0x08001504                HAL_TIM_PWM_MspInit
 .text.HAL_TIM_MspPostInit
                0x08001548       0x74 ./Core/Src/tim.o
                0x08001548                HAL_TIM_MspPostInit
 .text.uart_init
                0x080015bc       0x2c ./Core/Src/uart_receive_dma.o
                0x080015bc                uart_init
 .text.uart_available
                0x080015e8       0x58 ./Core/Src/uart_receive_dma.o
                0x080015e8                uart_available
 .text.uart_q8_read
                0x08001640       0x54 ./Core/Src/uart_receive_dma.o
                0x08001640                uart_q8_read
 .text.read_rfid_number
                0x08001694       0xb4 ./Core/Src/uart_receive_dma.o
                0x08001694                read_rfid_number
 .text.transmitData
                0x08001748       0x84 ./Core/Src/uart_receive_dma.o
                0x08001748                transmitData
 .text.uart2_init
                0x080017cc       0x2c ./Core/Src/uart_receive_dma.o
                0x080017cc                uart2_init
 .text.uart2_available
                0x080017f8       0x58 ./Core/Src/uart_receive_dma.o
                0x080017f8                uart2_available
 .text.uart2_q8_read
                0x08001850       0x54 ./Core/Src/uart_receive_dma.o
                0x08001850                uart2_q8_read
 .text.read_command
                0x080018a4       0x64 ./Core/Src/uart_receive_dma.o
                0x080018a4                read_command
 .text.transmitCommand
                0x08001908       0x5c ./Core/Src/uart_receive_dma.o
                0x08001908                transmitCommand
 .text.MX_USART1_UART_Init
                0x08001964       0x54 ./Core/Src/usart.o
                0x08001964                MX_USART1_UART_Init
 .text.MX_USART2_UART_Init
                0x080019b8       0x54 ./Core/Src/usart.o
                0x080019b8                MX_USART2_UART_Init
 .text.MX_USART3_UART_Init
                0x08001a0c       0x54 ./Core/Src/usart.o
                0x08001a0c                MX_USART3_UART_Init
 .text.HAL_UART_MspInit
                0x08001a60      0x290 ./Core/Src/usart.o
                0x08001a60                HAL_UART_MspInit
 .text.Reset_Handler
                0x08001cf0       0x50 ./Core/Startup/startup_stm32f446retx.o
                0x08001cf0                Reset_Handler
 .text.Default_Handler
                0x08001d40        0x2 ./Core/Startup/startup_stm32f446retx.o
                0x08001d40                RTC_Alarm_IRQHandler
                0x08001d40                EXTI2_IRQHandler
                0x08001d40                TIM8_CC_IRQHandler
                0x08001d40                FMPI2C1_EV_IRQHandler
                0x08001d40                SPI4_IRQHandler
                0x08001d40                TIM1_CC_IRQHandler
                0x08001d40                PVD_IRQHandler
                0x08001d40                SDIO_IRQHandler
                0x08001d40                TAMP_STAMP_IRQHandler
                0x08001d40                CAN2_RX1_IRQHandler
                0x08001d40                EXTI3_IRQHandler
                0x08001d40                TIM8_TRG_COM_TIM14_IRQHandler
                0x08001d40                TIM1_UP_TIM10_IRQHandler
                0x08001d40                TIM8_UP_TIM13_IRQHandler
                0x08001d40                I2C3_ER_IRQHandler
                0x08001d40                EXTI0_IRQHandler
                0x08001d40                I2C2_EV_IRQHandler
                0x08001d40                DMA1_Stream2_IRQHandler
                0x08001d40                CAN1_RX0_IRQHandler
                0x08001d40                FPU_IRQHandler
                0x08001d40                OTG_HS_WKUP_IRQHandler
                0x08001d40                CAN2_SCE_IRQHandler
                0x08001d40                DMA2_Stream2_IRQHandler
                0x08001d40                SPI1_IRQHandler
                0x08001d40                TIM6_DAC_IRQHandler
                0x08001d40                TIM1_BRK_TIM9_IRQHandler
                0x08001d40                DCMI_IRQHandler
                0x08001d40                CAN2_RX0_IRQHandler
                0x08001d40                DMA2_Stream3_IRQHandler
                0x08001d40                SAI2_IRQHandler
                0x08001d40                USART6_IRQHandler
                0x08001d40                CAN1_RX1_IRQHandler
                0x08001d40                UART5_IRQHandler
                0x08001d40                DMA2_Stream0_IRQHandler
                0x08001d40                QUADSPI_IRQHandler
                0x08001d40                I2C1_EV_IRQHandler
                0x08001d40                DMA1_Stream6_IRQHandler
                0x08001d40                DMA1_Stream1_IRQHandler
                0x08001d40                UART4_IRQHandler
                0x08001d40                TIM3_IRQHandler
                0x08001d40                RCC_IRQHandler
                0x08001d40                TIM8_BRK_TIM12_IRQHandler
                0x08001d40                Default_Handler
                0x08001d40                CEC_IRQHandler
                0x08001d40                EXTI15_10_IRQHandler
                0x08001d40                ADC_IRQHandler
                0x08001d40                DMA1_Stream7_IRQHandler
                0x08001d40                TIM7_IRQHandler
                0x08001d40                CAN2_TX_IRQHandler
                0x08001d40                TIM5_IRQHandler
                0x08001d40                DMA2_Stream7_IRQHandler
                0x08001d40                I2C3_EV_IRQHandler
                0x08001d40                RTC_WKUP_IRQHandler
                0x08001d40                SPDIF_RX_IRQHandler
                0x08001d40                OTG_HS_EP1_IN_IRQHandler
                0x08001d40                DMA1_Stream0_IRQHandler
                0x08001d40                CAN1_TX_IRQHandler
                0x08001d40                FMPI2C1_ER_IRQHandler
                0x08001d40                OTG_HS_EP1_OUT_IRQHandler
                0x08001d40                WWDG_IRQHandler
                0x08001d40                TIM2_IRQHandler
                0x08001d40                OTG_FS_WKUP_IRQHandler
                0x08001d40                TIM1_TRG_COM_TIM11_IRQHandler
                0x08001d40                OTG_HS_IRQHandler
                0x08001d40                EXTI1_IRQHandler
                0x08001d40                USART2_IRQHandler
                0x08001d40                I2C2_ER_IRQHandler
                0x08001d40                DMA2_Stream1_IRQHandler
                0x08001d40                CAN1_SCE_IRQHandler
                0x08001d40                FLASH_IRQHandler
                0x08001d40                DMA2_Stream4_IRQHandler
                0x08001d40                OTG_FS_IRQHandler
                0x08001d40                SPI3_IRQHandler
                0x08001d40                DMA1_Stream4_IRQHandler
                0x08001d40                I2C1_ER_IRQHandler
                0x08001d40                FMC_IRQHandler
                0x08001d40                DMA2_Stream6_IRQHandler
                0x08001d40                SAI1_IRQHandler
                0x08001d40                DMA1_Stream3_IRQHandler
 *fill*         0x08001d42        0x2 
 .text.HAL_Init
                0x08001d44       0x44 ./Drivers/STM32F4xx_HAL_Driver/Src/stm32f4xx_hal.o
                0x08001d44                HAL_Init
 .text.HAL_IncTick
                0x08001d88       0x28 ./Drivers/STM32F4xx_HAL_Driver/Src/stm32f4xx_hal.o
                0x08001d88                HAL_IncTick
 .text.HAL_GetTick
                0x08001db0       0x18 ./Drivers/STM32F4xx_HAL_Driver/Src/stm32f4xx_hal.o
                0x08001db0                HAL_GetTick
 .text.__NVIC_SetPriorityGrouping
                0x08001dc8       0x48 ./Drivers/STM32F4xx_HAL_Driver/Src/stm32f4xx_hal_cortex.o
 .text.__NVIC_GetPriorityGrouping
                0x08001e10       0x1c ./Drivers/STM32F4xx_HAL_Driver/Src/stm32f4xx_hal_cortex.o
 .text.__NVIC_EnableIRQ
                0x08001e2c       0x3c ./Drivers/STM32F4xx_HAL_Driver/Src/stm32f4xx_hal_cortex.o
 .text.__NVIC_SetPriority
                0x08001e68       0x54 ./Drivers/STM32F4xx_HAL_Driver/Src/stm32f4xx_hal_cortex.o
 .text.NVIC_EncodePriority
                0x08001ebc       0x66 ./Drivers/STM32F4xx_HAL_Driver/Src/stm32f4xx_hal_cortex.o
 .text.HAL_NVIC_SetPriorityGrouping
                0x08001f22       0x16 ./Drivers/STM32F4xx_HAL_Driver/Src/stm32f4xx_hal_cortex.o
                0x08001f22                HAL_NVIC_SetPriorityGrouping
 .text.HAL_NVIC_SetPriority
                0x08001f38       0x38 ./Drivers/STM32F4xx_HAL_Driver/Src/stm32f4xx_hal_cortex.o
                0x08001f38                HAL_NVIC_SetPriority
 .text.HAL_NVIC_EnableIRQ
                0x08001f70       0x1c ./Drivers/STM32F4xx_HAL_Driver/Src/stm32f4xx_hal_cortex.o
                0x08001f70                HAL_NVIC_EnableIRQ
 .text.HAL_DMA_Init
                0x08001f8c      0x15c ./Drivers/STM32F4xx_HAL_Driver/Src/stm32f4xx_hal_dma.o
                0x08001f8c                HAL_DMA_Init
 .text.HAL_DMA_Start_IT
                0x080020e8       0xb0 ./Drivers/STM32F4xx_HAL_Driver/Src/stm32f4xx_hal_dma.o
                0x080020e8                HAL_DMA_Start_IT
 .text.HAL_DMA_Abort
                0x08002198       0xe0 ./Drivers/STM32F4xx_HAL_Driver/Src/stm32f4xx_hal_dma.o
                0x08002198                HAL_DMA_Abort
 .text.HAL_DMA_Abort_IT
                0x08002278       0x44 ./Drivers/STM32F4xx_HAL_Driver/Src/stm32f4xx_hal_dma.o
                0x08002278                HAL_DMA_Abort_IT
 .text.HAL_DMA_IRQHandler
                0x080022bc      0x314 ./Drivers/STM32F4xx_HAL_Driver/Src/stm32f4xx_hal_dma.o
                0x080022bc                HAL_DMA_IRQHandler
 .text.DMA_SetConfig
                0x080025d0       0x5c ./Drivers/STM32F4xx_HAL_Driver/Src/stm32f4xx_hal_dma.o
 .text.DMA_CalcBaseAndBitshift
                0x0800262c       0x6c ./Drivers/STM32F4xx_HAL_Driver/Src/stm32f4xx_hal_dma.o
 .text.DMA_CheckFifoParam
                0x08002698       0xf8 ./Drivers/STM32F4xx_HAL_Driver/Src/stm32f4xx_hal_dma.o
 .text.HAL_GPIO_Init
                0x08002790      0x328 ./Drivers/STM32F4xx_HAL_Driver/Src/stm32f4xx_hal_gpio.o
                0x08002790                HAL_GPIO_Init
 .text.HAL_GPIO_WritePin
                0x08002ab8       0x32 ./Drivers/STM32F4xx_HAL_Driver/Src/stm32f4xx_hal_gpio.o
                0x08002ab8                HAL_GPIO_WritePin
 *fill*         0x08002aea        0x2 
 .text.HAL_GPIO_EXTI_IRQHandler
                0x08002aec       0x30 ./Drivers/STM32F4xx_HAL_Driver/Src/stm32f4xx_hal_gpio.o
                0x08002aec                HAL_GPIO_EXTI_IRQHandler
 .text.HAL_PWREx_EnableOverDrive
                0x08002b1c       0xa0 ./Drivers/STM32F4xx_HAL_Driver/Src/stm32f4xx_hal_pwr_ex.o
                0x08002b1c                HAL_PWREx_EnableOverDrive
 .text.HAL_RCC_ClockConfig
                0x08002bbc      0x1cc ./Drivers/STM32F4xx_HAL_Driver/Src/stm32f4xx_hal_rcc.o
                0x08002bbc                HAL_RCC_ClockConfig
 .text.HAL_RCC_GetHCLKFreq
                0x08002d88       0x18 ./Drivers/STM32F4xx_HAL_Driver/Src/stm32f4xx_hal_rcc.o
                0x08002d88                HAL_RCC_GetHCLKFreq
 .text.HAL_RCC_GetPCLK1Freq
                0x08002da0       0x28 ./Drivers/STM32F4xx_HAL_Driver/Src/stm32f4xx_hal_rcc.o
                0x08002da0                HAL_RCC_GetPCLK1Freq
 .text.HAL_RCC_GetPCLK2Freq
                0x08002dc8       0x28 ./Drivers/STM32F4xx_HAL_Driver/Src/stm32f4xx_hal_rcc.o
                0x08002dc8                HAL_RCC_GetPCLK2Freq
 .text.HAL_RCC_GetClockConfig
                0x08002df0       0x64 ./Drivers/STM32F4xx_HAL_Driver/Src/stm32f4xx_hal_rcc.o
                0x08002df0                HAL_RCC_GetClockConfig
 .text.HAL_RCC_GetSysClockFreq
                0x08002e54      0x460 ./Drivers/STM32F4xx_HAL_Driver/Src/stm32f4xx_hal_rcc_ex.o
                0x08002e54                HAL_RCC_GetSysClockFreq
 .text.HAL_RCC_OscConfig
                0x080032b4      0x53c ./Drivers/STM32F4xx_HAL_Driver/Src/stm32f4xx_hal_rcc_ex.o
                0x080032b4                HAL_RCC_OscConfig
 .text.HAL_SPI_Init
                0x080037f0      0x112 ./Drivers/STM32F4xx_HAL_Driver/Src/stm32f4xx_hal_spi.o
                0x080037f0                HAL_SPI_Init
 .text.HAL_SPI_TransmitReceive
                0x08003902      0x360 ./Drivers/STM32F4xx_HAL_Driver/Src/stm32f4xx_hal_spi.o
                0x08003902                HAL_SPI_TransmitReceive
 *fill*         0x08003c62        0x2 
 .text.HAL_SPI_IRQHandler
                0x08003c64      0x1e8 ./Drivers/STM32F4xx_HAL_Driver/Src/stm32f4xx_hal_spi.o
                0x08003c64                HAL_SPI_IRQHandler
 .text.HAL_SPI_ErrorCallback
                0x08003e4c       0x14 ./Drivers/STM32F4xx_HAL_Driver/Src/stm32f4xx_hal_spi.o
                0x08003e4c                HAL_SPI_ErrorCallback
 .text.SPI_DMAAbortOnError
                0x08003e60       0x28 ./Drivers/STM32F4xx_HAL_Driver/Src/stm32f4xx_hal_spi.o
 .text.SPI_WaitFlagStateUntilTimeout
                0x08003e88      0x110 ./Drivers/STM32F4xx_HAL_Driver/Src/stm32f4xx_hal_spi.o
 .text.SPI_EndRxTxTransaction
                0x08003f98       0xa8 ./Drivers/STM32F4xx_HAL_Driver/Src/stm32f4xx_hal_spi.o
 .text.HAL_TIM_Base_Init
                0x08004040       0x9e ./Drivers/STM32F4xx_HAL_Driver/Src/stm32f4xx_hal_tim.o
                0x08004040                HAL_TIM_Base_Init
 .text.HAL_TIM_Base_MspInit
                0x080040de       0x14 ./Drivers/STM32F4xx_HAL_Driver/Src/stm32f4xx_hal_tim.o
                0x080040de                HAL_TIM_Base_MspInit
 *fill*         0x080040f2        0x2 
 .text.HAL_TIM_Base_Start_IT
                0x080040f4       0xe0 ./Drivers/STM32F4xx_HAL_Driver/Src/stm32f4xx_hal_tim.o
                0x080040f4                HAL_TIM_Base_Start_IT
 .text.HAL_TIM_PWM_Init
                0x080041d4       0x9e ./Drivers/STM32F4xx_HAL_Driver/Src/stm32f4xx_hal_tim.o
                0x080041d4                HAL_TIM_PWM_Init
 *fill*         0x08004272        0x2 
 .text.HAL_TIM_PWM_Start
                0x08004274      0x190 ./Drivers/STM32F4xx_HAL_Driver/Src/stm32f4xx_hal_tim.o
                0x08004274                HAL_TIM_PWM_Start
 .text.HAL_TIM_IRQHandler
                0x08004404      0x1e0 ./Drivers/STM32F4xx_HAL_Driver/Src/stm32f4xx_hal_tim.o
                0x08004404                HAL_TIM_IRQHandler
 .text.HAL_TIM_PWM_ConfigChannel
                0x080045e4      0x184 ./Drivers/STM32F4xx_HAL_Driver/Src/stm32f4xx_hal_tim.o
                0x080045e4                HAL_TIM_PWM_ConfigChannel
 .text.HAL_TIM_OC_DelayElapsedCallback
                0x08004768       0x14 ./Drivers/STM32F4xx_HAL_Driver/Src/stm32f4xx_hal_tim.o
                0x08004768                HAL_TIM_OC_DelayElapsedCallback
 .text.HAL_TIM_IC_CaptureCallback
                0x0800477c       0x14 ./Drivers/STM32F4xx_HAL_Driver/Src/stm32f4xx_hal_tim.o
                0x0800477c                HAL_TIM_IC_CaptureCallback
 .text.HAL_TIM_PWM_PulseFinishedCallback
                0x08004790       0x14 ./Drivers/STM32F4xx_HAL_Driver/Src/stm32f4xx_hal_tim.o
                0x08004790                HAL_TIM_PWM_PulseFinishedCallback
 .text.HAL_TIM_TriggerCallback
                0x080047a4       0x14 ./Drivers/STM32F4xx_HAL_Driver/Src/stm32f4xx_hal_tim.o
                0x080047a4                HAL_TIM_TriggerCallback
 .text.TIM_Base_SetConfig
                0x080047b8      0x158 ./Drivers/STM32F4xx_HAL_Driver/Src/stm32f4xx_hal_tim.o
                0x080047b8                TIM_Base_SetConfig
 .text.TIM_OC1_SetConfig
                0x08004910       0xe0 ./Drivers/STM32F4xx_HAL_Driver/Src/stm32f4xx_hal_tim.o
 .text.TIM_OC2_SetConfig
                0x080049f0       0xec ./Drivers/STM32F4xx_HAL_Driver/Src/stm32f4xx_hal_tim.o
                0x080049f0                TIM_OC2_SetConfig
 .text.TIM_OC3_SetConfig
                0x08004adc       0xe8 ./Drivers/STM32F4xx_HAL_Driver/Src/stm32f4xx_hal_tim.o
 .text.TIM_OC4_SetConfig
                0x08004bc4       0xac ./Drivers/STM32F4xx_HAL_Driver/Src/stm32f4xx_hal_tim.o
 .text.TIM_CCxChannelCmd
                0x08004c70       0x4a ./Drivers/STM32F4xx_HAL_Driver/Src/stm32f4xx_hal_tim.o
                0x08004c70                TIM_CCxChannelCmd
 *fill*         0x08004cba        0x2 
 .text.HAL_TIMEx_MasterConfigSynchronization
                0x08004cbc       0xf8 ./Drivers/STM32F4xx_HAL_Driver/Src/stm32f4xx_hal_tim_ex.o
                0x08004cbc                HAL_TIMEx_MasterConfigSynchronization
 .text.HAL_TIMEx_ConfigBreakDeadTime
                0x08004db4       0xa4 ./Drivers/STM32F4xx_HAL_Driver/Src/stm32f4xx_hal_tim_ex.o
                0x08004db4                HAL_TIMEx_ConfigBreakDeadTime
 .text.HAL_TIMEx_CommutCallback
                0x08004e58       0x14 ./Drivers/STM32F4xx_HAL_Driver/Src/stm32f4xx_hal_tim_ex.o
                0x08004e58                HAL_TIMEx_CommutCallback
 .text.HAL_TIMEx_BreakCallback
                0x08004e6c       0x14 ./Drivers/STM32F4xx_HAL_Driver/Src/stm32f4xx_hal_tim_ex.o
                0x08004e6c                HAL_TIMEx_BreakCallback
 .text.HAL_UART_Init
                0x08004e80       0xa0 ./Drivers/STM32F4xx_HAL_Driver/Src/stm32f4xx_hal_uart.o
                0x08004e80                HAL_UART_Init
 .text.HAL_UART_Transmit
                0x08004f20      0x116 ./Drivers/STM32F4xx_HAL_Driver/Src/stm32f4xx_hal_uart.o
                0x08004f20                HAL_UART_Transmit
 .text.HAL_UART_Receive_DMA
                0x08005036       0x4a ./Drivers/STM32F4xx_HAL_Driver/Src/stm32f4xx_hal_uart.o
                0x08005036                HAL_UART_Receive_DMA
 .text.HAL_UART_IRQHandler
                0x08005080      0x524 ./Drivers/STM32F4xx_HAL_Driver/Src/stm32f4xx_hal_uart.o
                0x08005080                HAL_UART_IRQHandler
 .text.HAL_UART_TxCpltCallback
                0x080055a4       0x14 ./Drivers/STM32F4xx_HAL_Driver/Src/stm32f4xx_hal_uart.o
                0x080055a4                HAL_UART_TxCpltCallback
 .text.HAL_UART_RxCpltCallback
                0x080055b8       0x14 ./Drivers/STM32F4xx_HAL_Driver/Src/stm32f4xx_hal_uart.o
                0x080055b8                HAL_UART_RxCpltCallback
 .text.HAL_UART_RxHalfCpltCallback
                0x080055cc       0x14 ./Drivers/STM32F4xx_HAL_Driver/Src/stm32f4xx_hal_uart.o
                0x080055cc                HAL_UART_RxHalfCpltCallback
 .text.HAL_UART_ErrorCallback
                0x080055e0       0x14 ./Drivers/STM32F4xx_HAL_Driver/Src/stm32f4xx_hal_uart.o
                0x080055e0                HAL_UART_ErrorCallback
 .text.HAL_UARTEx_RxEventCallback
                0x080055f4       0x18 ./Drivers/STM32F4xx_HAL_Driver/Src/stm32f4xx_hal_uart.o
                0x080055f4                HAL_UARTEx_RxEventCallback
 .text.UART_DMAReceiveCplt
                0x0800560c      0x12c ./Drivers/STM32F4xx_HAL_Driver/Src/stm32f4xx_hal_uart.o
 .text.UART_DMARxHalfCplt
                0x08005738       0x3c ./Drivers/STM32F4xx_HAL_Driver/Src/stm32f4xx_hal_uart.o
 .text.UART_DMAError
                0x08005774       0x94 ./Drivers/STM32F4xx_HAL_Driver/Src/stm32f4xx_hal_uart.o
 .text.UART_WaitOnFlagUntilTimeout
                0x08005808       0xb2 ./Drivers/STM32F4xx_HAL_Driver/Src/stm32f4xx_hal_uart.o
 *fill*         0x080058ba        0x2 
 .text.UART_Start_Receive_DMA
                0x080058bc      0x134 ./Drivers/STM32F4xx_HAL_Driver/Src/stm32f4xx_hal_uart.o
                0x080058bc                UART_Start_Receive_DMA
 .text.UART_EndTxTransfer
                0x080059f0       0x50 ./Drivers/STM32F4xx_HAL_Driver/Src/stm32f4xx_hal_uart.o
 .text.UART_EndRxTransfer
                0x08005a40       0xc6 ./Drivers/STM32F4xx_HAL_Driver/Src/stm32f4xx_hal_uart.o
 .text.UART_DMAAbortOnError
                0x08005b06       0x28 ./Drivers/STM32F4xx_HAL_Driver/Src/stm32f4xx_hal_uart.o
 .text.UART_Transmit_IT
                0x08005b2e       0xa0 ./Drivers/STM32F4xx_HAL_Driver/Src/stm32f4xx_hal_uart.o
 .text.UART_EndTransmit_IT
                0x08005bce       0x30 ./Drivers/STM32F4xx_HAL_Driver/Src/stm32f4xx_hal_uart.o
 .text.UART_Receive_IT
                0x08005bfe      0x17c ./Drivers/STM32F4xx_HAL_Driver/Src/stm32f4xx_hal_uart.o
 *fill*         0x08005d7a        0x2 
 .text.UART_SetConfig
                0x08005d7c      0x4e8 ./Drivers/STM32F4xx_HAL_Driver/Src/stm32f4xx_hal_uart.o
 .text.makeFreeRtosPriority
                0x08006264       0x30 ./Middlewares/Third_Party/FreeRTOS/Source/CMSIS_RTOS/cmsis_os.o
 .text.inHandlerMode
                0x08006294       0x24 ./Middlewares/Third_Party/FreeRTOS/Source/CMSIS_RTOS/cmsis_os.o
 .text.osKernelStart
                0x080062b8        0xe ./Middlewares/Third_Party/FreeRTOS/Source/CMSIS_RTOS/cmsis_os.o
                0x080062b8                osKernelStart
 .text.osThreadCreate
                0x080062c6       0x98 ./Middlewares/Third_Party/FreeRTOS/Source/CMSIS_RTOS/cmsis_os.o
                0x080062c6                osThreadCreate
 .text.osDelay  0x0800635e       0x28 ./Middlewares/Third_Party/FreeRTOS/Source/CMSIS_RTOS/cmsis_os.o
                0x0800635e                osDelay
 *fill*         0x08006386        0x2 
 .text.osSignalSet
                0x08006388       0x80 ./Middlewares/Third_Party/FreeRTOS/Source/CMSIS_RTOS/cmsis_os.o
                0x08006388                osSignalSet
 .text.osSignalWait
                0x08006408       0x98 ./Middlewares/Third_Party/FreeRTOS/Source/CMSIS_RTOS/cmsis_os.o
                0x08006408                osSignalWait
 .text.vListInitialise
                0x080064a0       0x40 ./Middlewares/Third_Party/FreeRTOS/Source/list.o
                0x080064a0                vListInitialise
 .text.vListInitialiseItem
                0x080064e0       0x1a ./Middlewares/Third_Party/FreeRTOS/Source/list.o
                0x080064e0                vListInitialiseItem
 .text.vListInsertEnd
                0x080064fa       0x48 ./Middlewares/Third_Party/FreeRTOS/Source/list.o
                0x080064fa                vListInsertEnd
 .text.vListInsert
                0x08006542       0x72 ./Middlewares/Third_Party/FreeRTOS/Source/list.o
                0x08006542                vListInsert
 .text.uxListRemove
                0x080065b4       0x54 ./Middlewares/Third_Party/FreeRTOS/Source/list.o
                0x080065b4                uxListRemove
 .text.xTaskCreateStatic
                0x08006608       0xc0 ./Middlewares/Third_Party/FreeRTOS/Source/tasks.o
                0x08006608                xTaskCreateStatic
 .text.xTaskCreate
                0x080066c8       0x8a ./Middlewares/Third_Party/FreeRTOS/Source/tasks.o
                0x080066c8                xTaskCreate
 *fill*         0x08006752        0x2 
 .text.prvInitialiseNewTask
                0x08006754      0x140 ./Middlewares/Third_Party/FreeRTOS/Source/tasks.o
 .text.prvAddNewTaskToReadyList
                0x08006894       0xd4 ./Middlewares/Third_Party/FreeRTOS/Source/tasks.o
 .text.vTaskDelay
                0x08006968       0x6c ./Middlewares/Third_Party/FreeRTOS/Source/tasks.o
                0x08006968                vTaskDelay
 .text.vTaskSuspend
                0x080069d4      0x128 ./Middlewares/Third_Party/FreeRTOS/Source/tasks.o
                0x080069d4                vTaskSuspend
 .text.prvTaskIsTaskSuspended
                0x08006afc       0x64 ./Middlewares/Third_Party/FreeRTOS/Source/tasks.o
 .text.vTaskResume
                0x08006b60       0xbc ./Middlewares/Third_Party/FreeRTOS/Source/tasks.o
                0x08006b60                vTaskResume
 .text.vTaskStartScheduler
                0x08006c1c       0xd4 ./Middlewares/Third_Party/FreeRTOS/Source/tasks.o
                0x08006c1c                vTaskStartScheduler
 .text.vTaskSuspendAll
                0x08006cf0       0x1c ./Middlewares/Third_Party/FreeRTOS/Source/tasks.o
                0x08006cf0                vTaskSuspendAll
 .text.xTaskResumeAll
                0x08006d0c      0x13c ./Middlewares/Third_Party/FreeRTOS/Source/tasks.o
                0x08006d0c                xTaskResumeAll
 .text.xTaskIncrementTick
                0x08006e48      0x174 ./Middlewares/Third_Party/FreeRTOS/Source/tasks.o
                0x08006e48                xTaskIncrementTick
 .text.vTaskSwitchContext
                0x08006fbc       0xc8 ./Middlewares/Third_Party/FreeRTOS/Source/tasks.o
                0x08006fbc                vTaskSwitchContext
 .text.prvIdleTask
                0x08007084       0x30 ./Middlewares/Third_Party/FreeRTOS/Source/tasks.o
 .text.prvInitialiseTaskLists
                0x080070b4       0x80 ./Middlewares/Third_Party/FreeRTOS/Source/tasks.o
 .text.prvCheckTasksWaitingTermination
                0x08007134       0x5c ./Middlewares/Third_Party/FreeRTOS/Source/tasks.o
 .text.prvDeleteTCB
                0x08007190       0x6a ./Middlewares/Third_Party/FreeRTOS/Source/tasks.o
 *fill*         0x080071fa        0x2 
 .text.prvResetNextTaskUnblockTime
                0x080071fc       0x40 ./Middlewares/Third_Party/FreeRTOS/Source/tasks.o
 .text.xTaskNotifyWait
                0x0800723c       0xc0 ./Middlewares/Third_Party/FreeRTOS/Source/tasks.o
                0x0800723c                xTaskNotifyWait
 .text.xTaskGenericNotify
                0x080072fc      0x184 ./Middlewares/Third_Party/FreeRTOS/Source/tasks.o
                0x080072fc                xTaskGenericNotify
 .text.xTaskGenericNotifyFromISR
                0x08007480      0x1cc ./Middlewares/Third_Party/FreeRTOS/Source/tasks.o
                0x08007480                xTaskGenericNotifyFromISR
 .text.prvAddCurrentTaskToDelayedList
                0x0800764c       0xcc ./Middlewares/Third_Party/FreeRTOS/Source/tasks.o
 .text.pxPortInitialiseStack
                0x08007718       0x68 ./Middlewares/Third_Party/FreeRTOS/Source/portable/GCC/ARM_CM4F/port.o
                0x08007718                pxPortInitialiseStack
 .text.prvTaskExitError
                0x08007780       0x5c ./Middlewares/Third_Party/FreeRTOS/Source/portable/GCC/ARM_CM4F/port.o
 *fill*         0x080077dc        0x4 
 .text.SVC_Handler
                0x080077e0       0x28 ./Middlewares/Third_Party/FreeRTOS/Source/portable/GCC/ARM_CM4F/port.o
                0x080077e0                SVC_Handler
 .text.prvPortStartFirstTask
                0x08007808       0x28 ./Middlewares/Third_Party/FreeRTOS/Source/portable/GCC/ARM_CM4F/port.o
 .text.xPortStartScheduler
                0x08007830      0x148 ./Middlewares/Third_Party/FreeRTOS/Source/portable/GCC/ARM_CM4F/port.o
                0x08007830                xPortStartScheduler
 .text.vPortEnterCritical
                0x08007978       0x64 ./Middlewares/Third_Party/FreeRTOS/Source/portable/GCC/ARM_CM4F/port.o
                0x08007978                vPortEnterCritical
 .text.vPortExitCritical
                0x080079dc       0x54 ./Middlewares/Third_Party/FreeRTOS/Source/portable/GCC/ARM_CM4F/port.o
                0x080079dc                vPortExitCritical
 .text.PendSV_Handler
                0x08007a30       0x68 ./Middlewares/Third_Party/FreeRTOS/Source/portable/GCC/ARM_CM4F/port.o
                0x08007a30                PendSV_Handler
 .text.SysTick_Handler
                0x08007a98       0x44 ./Middlewares/Third_Party/FreeRTOS/Source/portable/GCC/ARM_CM4F/port.o
                0x08007a98                SysTick_Handler
 .text.vPortSetupTimerInterrupt
                0x08007adc       0x48 ./Middlewares/Third_Party/FreeRTOS/Source/portable/GCC/ARM_CM4F/port.o
                0x08007adc                vPortSetupTimerInterrupt
 .text.vPortEnableVFP
                0x08007b24       0x14 ./Middlewares/Third_Party/FreeRTOS/Source/portable/GCC/ARM_CM4F/port.o
 .text.vPortValidateInterruptPriority
                0x08007b38       0x84 ./Middlewares/Third_Party/FreeRTOS/Source/portable/GCC/ARM_CM4F/port.o
                0x08007b38                vPortValidateInterruptPriority
 .text.pvPortMalloc
                0x08007bbc      0x19c ./Middlewares/Third_Party/FreeRTOS/Source/portable/MemMang/heap_4.o
                0x08007bbc                pvPortMalloc
 .text.vPortFree
                0x08007d58       0xc8 ./Middlewares/Third_Party/FreeRTOS/Source/portable/MemMang/heap_4.o
                0x08007d58                vPortFree
 .text.prvHeapInit
                0x08007e20       0xc4 ./Middlewares/Third_Party/FreeRTOS/Source/portable/MemMang/heap_4.o
 .text.prvInsertBlockIntoFreeList
                0x08007ee4       0xb4 ./Middlewares/Third_Party/FreeRTOS/Source/portable/MemMang/heap_4.o
 .text.memset   0x08007f98       0x10 /home/hwabok/st/stm32cubeide_1.15.1/plugins/com.st.stm32cube.ide.mcu.externaltools.gnu-tools-for-stm32.12.3.rel1.linux64_1.0.100.202403111256/tools/bin/../lib/gcc/arm-none-eabi/12.3.1/../../../../arm-none-eabi/lib/thumb/v7e-m+fp/hard/libc_nano.a(libc_a-memset.o)
                0x08007f98                memset
 .text.strchr   0x08007fa8       0x1a /home/hwabok/st/stm32cubeide_1.15.1/plugins/com.st.stm32cube.ide.mcu.externaltools.gnu-tools-for-stm32.12.3.rel1.linux64_1.0.100.202403111256/tools/bin/../lib/gcc/arm-none-eabi/12.3.1/../../../../arm-none-eabi/lib/thumb/v7e-m+fp/hard/libc_nano.a(libc_a-strchr.o)
                0x08007fa8                strchr
 *fill*         0x08007fc2        0x2 
 .text._reclaim_reent
                0x08007fc4       0xac /home/hwabok/st/stm32cubeide_1.15.1/plugins/com.st.stm32cube.ide.mcu.externaltools.gnu-tools-for-stm32.12.3.rel1.linux64_1.0.100.202403111256/tools/bin/../lib/gcc/arm-none-eabi/12.3.1/../../../../arm-none-eabi/lib/thumb/v7e-m+fp/hard/libc_nano.a(libc_a-reent.o)
                0x08007fc4                _reclaim_reent
 .text.__libc_init_array
                0x08008070       0x48 /home/hwabok/st/stm32cubeide_1.15.1/plugins/com.st.stm32cube.ide.mcu.externaltools.gnu-tools-for-stm32.12.3.rel1.linux64_1.0.100.202403111256/tools/bin/../lib/gcc/arm-none-eabi/12.3.1/../../../../arm-none-eabi/lib/thumb/v7e-m+fp/hard/libc_nano.a(libc_a-init.o)
                0x08008070                __libc_init_array
 .text.__retarget_lock_acquire_recursive
                0x080080b8        0x2 /home/hwabok/st/stm32cubeide_1.15.1/plugins/com.st.stm32cube.ide.mcu.externaltools.gnu-tools-for-stm32.12.3.rel1.linux64_1.0.100.202403111256/tools/bin/../lib/gcc/arm-none-eabi/12.3.1/../../../../arm-none-eabi/lib/thumb/v7e-m+fp/hard/libc_nano.a(libc_a-lock.o)
                0x080080b8                __retarget_lock_acquire_recursive
 .text.__retarget_lock_release_recursive
                0x080080ba        0x2 /home/hwabok/st/stm32cubeide_1.15.1/plugins/com.st.stm32cube.ide.mcu.externaltools.gnu-tools-for-stm32.12.3.rel1.linux64_1.0.100.202403111256/tools/bin/../lib/gcc/arm-none-eabi/12.3.1/../../../../arm-none-eabi/lib/thumb/v7e-m+fp/hard/libc_nano.a(libc_a-lock.o)
                0x080080ba                __retarget_lock_release_recursive
 .text._free_r  0x080080bc       0x94 /home/hwabok/st/stm32cubeide_1.15.1/plugins/com.st.stm32cube.ide.mcu.externaltools.gnu-tools-for-stm32.12.3.rel1.linux64_1.0.100.202403111256/tools/bin/../lib/gcc/arm-none-eabi/12.3.1/../../../../arm-none-eabi/lib/thumb/v7e-m+fp/hard/libc_nano.a(libc_a-freer.o)
                0x080080bc                _free_r
 .text.__malloc_lock
                0x08008150        0xc /home/hwabok/st/stm32cubeide_1.15.1/plugins/com.st.stm32cube.ide.mcu.externaltools.gnu-tools-for-stm32.12.3.rel1.linux64_1.0.100.202403111256/tools/bin/../lib/gcc/arm-none-eabi/12.3.1/../../../../arm-none-eabi/lib/thumb/v7e-m+fp/hard/libc_nano.a(libc_a-mlock.o)
                0x08008150                __malloc_lock
 .text.__malloc_unlock
                0x0800815c        0xc /home/hwabok/st/stm32cubeide_1.15.1/plugins/com.st.stm32cube.ide.mcu.externaltools.gnu-tools-for-stm32.12.3.rel1.linux64_1.0.100.202403111256/tools/bin/../lib/gcc/arm-none-eabi/12.3.1/../../../../arm-none-eabi/lib/thumb/v7e-m+fp/hard/libc_nano.a(libc_a-mlock.o)
                0x0800815c                __malloc_unlock
 *(.glue_7)
 .glue_7        0x08008168        0x0 linker stubs
 *(.glue_7t)
 .glue_7t       0x08008168        0x0 linker stubs
 *(.eh_frame)
 .eh_frame      0x08008168        0x0 /home/hwabok/st/stm32cubeide_1.15.1/plugins/com.st.stm32cube.ide.mcu.externaltools.gnu-tools-for-stm32.12.3.rel1.linux64_1.0.100.202403111256/tools/bin/../lib/gcc/arm-none-eabi/12.3.1/thumb/v7e-m+fp/hard/crtbegin.o
 *(.init)
 .init          0x08008168        0x4 /home/hwabok/st/stm32cubeide_1.15.1/plugins/com.st.stm32cube.ide.mcu.externaltools.gnu-tools-for-stm32.12.3.rel1.linux64_1.0.100.202403111256/tools/bin/../lib/gcc/arm-none-eabi/12.3.1/thumb/v7e-m+fp/hard/crti.o
                0x08008168                _init
 .init          0x0800816c        0x8 /home/hwabok/st/stm32cubeide_1.15.1/plugins/com.st.stm32cube.ide.mcu.externaltools.gnu-tools-for-stm32.12.3.rel1.linux64_1.0.100.202403111256/tools/bin/../lib/gcc/arm-none-eabi/12.3.1/thumb/v7e-m+fp/hard/crtn.o
 *(.fini)
 .fini          0x08008174        0x4 /home/hwabok/st/stm32cubeide_1.15.1/plugins/com.st.stm32cube.ide.mcu.externaltools.gnu-tools-for-stm32.12.3.rel1.linux64_1.0.100.202403111256/tools/bin/../lib/gcc/arm-none-eabi/12.3.1/thumb/v7e-m+fp/hard/crti.o
                0x08008174                _fini
 .fini          0x08008178        0x8 /home/hwabok/st/stm32cubeide_1.15.1/plugins/com.st.stm32cube.ide.mcu.externaltools.gnu-tools-for-stm32.12.3.rel1.linux64_1.0.100.202403111256/tools/bin/../lib/gcc/arm-none-eabi/12.3.1/thumb/v7e-m+fp/hard/crtn.o
                0x08008180                        . = ALIGN (0x4)
                0x08008180                        _etext = .

.vfp11_veneer   0x08008180        0x0
 .vfp11_veneer  0x08008180        0x0 linker stubs

.v4_bx          0x08008180        0x0
 .v4_bx         0x08008180        0x0 linker stubs

.iplt           0x08008180        0x0
 .iplt          0x08008180        0x0 /home/hwabok/st/stm32cubeide_1.15.1/plugins/com.st.stm32cube.ide.mcu.externaltools.gnu-tools-for-stm32.12.3.rel1.linux64_1.0.100.202403111256/tools/bin/../lib/gcc/arm-none-eabi/12.3.1/thumb/v7e-m+fp/hard/crtbegin.o

.rodata         0x08008180      0x134
                0x08008180                        . = ALIGN (0x4)
 *(.rodata)
 .rodata        0x08008180      0x103 ./Core/Src/freertos.o
 *fill*         0x08008283        0x1 
 .rodata        0x08008284        0x5 ./Core/Src/uart_receive_dma.o
 *fill*         0x08008289        0x3 
 .rodata        0x0800828c        0x5 ./Middlewares/Third_Party/FreeRTOS/Source/tasks.o
 *(.rodata*)
 *fill*         0x08008291        0x3 
 .rodata.AHBPrescTable
                0x08008294       0x10 ./Core/Src/system_stm32f4xx.o
                0x08008294                AHBPrescTable
 .rodata.APBPrescTable
                0x080082a4        0x8 ./Core/Src/system_stm32f4xx.o
                0x080082a4                APBPrescTable
 .rodata.flagBitshiftOffset.0
                0x080082ac        0x8 ./Drivers/STM32F4xx_HAL_Driver/Src/stm32f4xx_hal_dma.o
                0x080082b4                        . = ALIGN (0x4)

.ARM.extab      0x080082b4        0x0
                0x080082b4                        . = ALIGN (0x4)
 *(.ARM.extab* .gnu.linkonce.armextab.*)
                0x080082b4                        . = ALIGN (0x4)

.ARM            0x080082b4        0x8
                0x080082b4                        . = ALIGN (0x4)
                0x080082b4                        __exidx_start = .
 *(.ARM.exidx*)
 .ARM.exidx     0x080082b4        0x8 /home/hwabok/st/stm32cubeide_1.15.1/plugins/com.st.stm32cube.ide.mcu.externaltools.gnu-tools-for-stm32.12.3.rel1.linux64_1.0.100.202403111256/tools/bin/../lib/gcc/arm-none-eabi/12.3.1/thumb/v7e-m+fp/hard/libgcc.a(_udivmoddi4.o)
                0x080082bc                        __exidx_end = .
                0x080082bc                        . = ALIGN (0x4)

.rel.dyn        0x080082bc        0x0
 .rel.iplt      0x080082bc        0x0 /home/hwabok/st/stm32cubeide_1.15.1/plugins/com.st.stm32cube.ide.mcu.externaltools.gnu-tools-for-stm32.12.3.rel1.linux64_1.0.100.202403111256/tools/bin/../lib/gcc/arm-none-eabi/12.3.1/thumb/v7e-m+fp/hard/crtbegin.o

.preinit_array  0x080082bc        0x0
                0x080082bc                        . = ALIGN (0x4)
                0x080082bc                        PROVIDE (__preinit_array_start = .)
 *(.preinit_array*)
                0x080082bc                        PROVIDE (__preinit_array_end = .)
                0x080082bc                        . = ALIGN (0x4)

.init_array     0x080082bc        0x4
                0x080082bc                        . = ALIGN (0x4)
                0x080082bc                        PROVIDE (__init_array_start = .)
 *(SORT_BY_NAME(.init_array.*))
 *(.init_array*)
 .init_array    0x080082bc        0x4 /home/hwabok/st/stm32cubeide_1.15.1/plugins/com.st.stm32cube.ide.mcu.externaltools.gnu-tools-for-stm32.12.3.rel1.linux64_1.0.100.202403111256/tools/bin/../lib/gcc/arm-none-eabi/12.3.1/thumb/v7e-m+fp/hard/crtbegin.o
                0x080082c0                        PROVIDE (__init_array_end = .)
                0x080082c0                        . = ALIGN (0x4)

.fini_array     0x080082c0        0x4
                0x080082c0                        . = ALIGN (0x4)
                [!provide]                        PROVIDE (__fini_array_start = .)
 *(SORT_BY_NAME(.fini_array.*))
 *(.fini_array*)
 .fini_array    0x080082c0        0x4 /home/hwabok/st/stm32cubeide_1.15.1/plugins/com.st.stm32cube.ide.mcu.externaltools.gnu-tools-for-stm32.12.3.rel1.linux64_1.0.100.202403111256/tools/bin/../lib/gcc/arm-none-eabi/12.3.1/thumb/v7e-m+fp/hard/crtbegin.o
                [!provide]                        PROVIDE (__fini_array_end = .)
                0x080082c4                        . = ALIGN (0x4)
                0x080082c4                        _sidata = LOADADDR (.data)

.data           0x20000000       0x68 load address 0x080082c4
                0x20000000                        . = ALIGN (0x4)
                0x20000000                        _sdata = .
 *(.data)
 *(.data*)
 .data.SystemCoreClock
                0x20000000        0x4 ./Core/Src/system_stm32f4xx.o
                0x20000000                SystemCoreClock
 .data.motor_command1
                0x20000004        0x6 ./Core/Src/uart_receive_dma.o
                0x20000004                motor_command1
 *fill*         0x2000000a        0x2 
 .data.uwTickPrio
                0x2000000c        0x4 ./Drivers/STM32F4xx_HAL_Driver/Src/stm32f4xx_hal.o
                0x2000000c                uwTickPrio
 .data.uwTickFreq
                0x20000010        0x1 ./Drivers/STM32F4xx_HAL_Driver/Src/stm32f4xx_hal.o
                0x20000010                uwTickFreq
 *fill*         0x20000011        0x3 
 .data.uxCriticalNesting
                0x20000014        0x4 ./Middlewares/Third_Party/FreeRTOS/Source/portable/GCC/ARM_CM4F/port.o
 .data._impure_ptr
                0x20000018        0x4 /home/hwabok/st/stm32cubeide_1.15.1/plugins/com.st.stm32cube.ide.mcu.externaltools.gnu-tools-for-stm32.12.3.rel1.linux64_1.0.100.202403111256/tools/bin/../lib/gcc/arm-none-eabi/12.3.1/../../../../arm-none-eabi/lib/thumb/v7e-m+fp/hard/libc_nano.a(libc_a-impure.o)
                0x20000018                _impure_ptr
 .data._impure_data
                0x2000001c       0x4c /home/hwabok/st/stm32cubeide_1.15.1/plugins/com.st.stm32cube.ide.mcu.externaltools.gnu-tools-for-stm32.12.3.rel1.linux64_1.0.100.202403111256/tools/bin/../lib/gcc/arm-none-eabi/12.3.1/../../../../arm-none-eabi/lib/thumb/v7e-m+fp/hard/libc_nano.a(libc_a-impure.o)
                0x2000001c                _impure_data
 *(.RamFunc)
 *(.RamFunc*)
                0x20000068                        . = ALIGN (0x4)
                0x20000068                        _edata = .

.igot.plt       0x20000068        0x0 load address 0x0800832c
 .igot.plt      0x20000068        0x0 /home/hwabok/st/stm32cubeide_1.15.1/plugins/com.st.stm32cube.ide.mcu.externaltools.gnu-tools-for-stm32.12.3.rel1.linux64_1.0.100.202403111256/tools/bin/../lib/gcc/arm-none-eabi/12.3.1/thumb/v7e-m+fp/hard/crtbegin.o
                0x20000068                        . = ALIGN (0x4)

.bss            0x20000068     0x4aec load address 0x0800832c
                0x20000068                        _sbss = .
                0x20000068                        __bss_start__ = _sbss
 *(.bss)
 .bss           0x20000068       0x1c /home/hwabok/st/stm32cubeide_1.15.1/plugins/com.st.stm32cube.ide.mcu.externaltools.gnu-tools-for-stm32.12.3.rel1.linux64_1.0.100.202403111256/tools/bin/../lib/gcc/arm-none-eabi/12.3.1/thumb/v7e-m+fp/hard/crtbegin.o
 *(.bss*)
 .bss.motor_status
                0x20000084        0x4 ./Core/Src/freertos.o
                0x20000084                motor_status
 .bss.defaultTaskHandle
                0x20000088        0x4 ./Core/Src/freertos.o
                0x20000088                defaultTaskHandle
 .bss.rfidExecuteTaskHandle
                0x2000008c        0x4 ./Core/Src/freertos.o
                0x2000008c                rfidExecuteTaskHandle
 .bss.tagNumTransmitTHandle
                0x20000090        0x4 ./Core/Src/freertos.o
                0x20000090                tagNumTransmitTHandle
 .bss.rc522_readHandle
                0x20000094        0x4 ./Core/Src/freertos.o
                0x20000094                rc522_readHandle
 .bss.motorTaskHandle
                0x20000098        0x4 ./Core/Src/freertos.o
                0x20000098                motorTaskHandle
 .bss.transmitTask2Handle
                0x2000009c        0x4 ./Core/Src/freertos.o
                0x2000009c                transmitTask2Handle
 .bss.xIdleTaskTCBBuffer
                0x200000a0       0xa0 ./Core/Src/freertos.o
 .bss.xIdleStack
                0x20000140      0x200 ./Core/Src/freertos.o
 .bss.before_tick1.1
                0x20000340        0x4 ./Core/Src/main.o
 .bss.before_tick2.0
                0x20000344        0x4 ./Core/Src/main.o
 .bss.limit_switch_up
                0x20000348        0x4 ./Core/Src/scan_motor.o
                0x20000348                limit_switch_up
 .bss.limit_switch_down
                0x2000034c        0x4 ./Core/Src/scan_motor.o
                0x2000034c                limit_switch_down
 .bss.hspi2     0x20000350       0x58 ./Core/Src/spi.o
                0x20000350                hspi2
 .bss.htim4     0x200003a8       0x48 ./Core/Src/stm32f4xx_hal_timebase_tim.o
                0x200003a8                htim4
 .bss.htim1     0x200003f0       0x48 ./Core/Src/tim.o
                0x200003f0                htim1
 .bss.uart_queue
                0x20000438      0x104 ./Core/Src/uart_receive_dma.o
                0x20000438                uart_queue
 .bss.uart2_queue
                0x2000053c      0x104 ./Core/Src/uart_receive_dma.o
                0x2000053c                uart2_queue
 .bss.rfid_number
                0x20000640      0x4b0 ./Core/Src/uart_receive_dma.o
                0x20000640                rfid_number
 .bss.recive_data
                0x20000af0       0x18 ./Core/Src/uart_receive_dma.o
                0x20000af0                recive_data
 .bss.book_num  0x20000b08        0x1 ./Core/Src/uart_receive_dma.o
                0x20000b08                book_num
 .bss.book_byte_num
                0x20000b09        0x1 ./Core/Src/uart_receive_dma.o
                0x20000b09                book_byte_num
 *fill*         0x20000b0a        0x2 
 .bss.scan_command
                0x20000b0c       0x14 ./Core/Src/uart_receive_dma.o
                0x20000b0c                scan_command
 .bss.command_byte_num
                0x20000b20        0x1 ./Core/Src/uart_receive_dma.o
                0x20000b20                command_byte_num
 *fill*         0x20000b21        0x3 
 .bss.huart1    0x20000b24       0x48 ./Core/Src/usart.o
                0x20000b24                huart1
 .bss.huart2    0x20000b6c       0x48 ./Core/Src/usart.o
                0x20000b6c                huart2
 .bss.huart3    0x20000bb4       0x48 ./Core/Src/usart.o
                0x20000bb4                huart3
 .bss.hdma_usart1_rx
                0x20000bfc       0x60 ./Core/Src/usart.o
                0x20000bfc                hdma_usart1_rx
 .bss.hdma_usart2_rx
                0x20000c5c       0x60 ./Core/Src/usart.o
                0x20000c5c                hdma_usart2_rx
 .bss.uwTick    0x20000cbc        0x4 ./Drivers/STM32F4xx_HAL_Driver/Src/stm32f4xx_hal.o
                0x20000cbc                uwTick
 .bss.pxCurrentTCB
                0x20000cc0        0x4 ./Middlewares/Third_Party/FreeRTOS/Source/tasks.o
                0x20000cc0                pxCurrentTCB
 .bss.pxReadyTasksLists
                0x20000cc4       0x8c ./Middlewares/Third_Party/FreeRTOS/Source/tasks.o
 .bss.xDelayedTaskList1
                0x20000d50       0x14 ./Middlewares/Third_Party/FreeRTOS/Source/tasks.o
 .bss.xDelayedTaskList2
                0x20000d64       0x14 ./Middlewares/Third_Party/FreeRTOS/Source/tasks.o
 .bss.pxDelayedTaskList
                0x20000d78        0x4 ./Middlewares/Third_Party/FreeRTOS/Source/tasks.o
 .bss.pxOverflowDelayedTaskList
                0x20000d7c        0x4 ./Middlewares/Third_Party/FreeRTOS/Source/tasks.o
 .bss.xPendingReadyList
                0x20000d80       0x14 ./Middlewares/Third_Party/FreeRTOS/Source/tasks.o
 .bss.xTasksWaitingTermination
                0x20000d94       0x14 ./Middlewares/Third_Party/FreeRTOS/Source/tasks.o
 .bss.uxDeletedTasksWaitingCleanUp
                0x20000da8        0x4 ./Middlewares/Third_Party/FreeRTOS/Source/tasks.o
 .bss.xSuspendedTaskList
                0x20000dac       0x14 ./Middlewares/Third_Party/FreeRTOS/Source/tasks.o
 .bss.uxCurrentNumberOfTasks
                0x20000dc0        0x4 ./Middlewares/Third_Party/FreeRTOS/Source/tasks.o
 .bss.xTickCount
                0x20000dc4        0x4 ./Middlewares/Third_Party/FreeRTOS/Source/tasks.o
 .bss.uxTopReadyPriority
                0x20000dc8        0x4 ./Middlewares/Third_Party/FreeRTOS/Source/tasks.o
 .bss.xSchedulerRunning
                0x20000dcc        0x4 ./Middlewares/Third_Party/FreeRTOS/Source/tasks.o
 .bss.xPendedTicks
                0x20000dd0        0x4 ./Middlewares/Third_Party/FreeRTOS/Source/tasks.o
 .bss.xYieldPending
                0x20000dd4        0x4 ./Middlewares/Third_Party/FreeRTOS/Source/tasks.o
 .bss.xNumOfOverflows
                0x20000dd8        0x4 ./Middlewares/Third_Party/FreeRTOS/Source/tasks.o
 .bss.uxTaskNumber
                0x20000ddc        0x4 ./Middlewares/Third_Party/FreeRTOS/Source/tasks.o
 .bss.xNextTaskUnblockTime
                0x20000de0        0x4 ./Middlewares/Third_Party/FreeRTOS/Source/tasks.o
 .bss.xIdleTaskHandle
                0x20000de4        0x4 ./Middlewares/Third_Party/FreeRTOS/Source/tasks.o
 .bss.uxSchedulerSuspended
                0x20000de8        0x4 ./Middlewares/Third_Party/FreeRTOS/Source/tasks.o
 .bss.ucMaxSysCallPriority
                0x20000dec        0x1 ./Middlewares/Third_Party/FreeRTOS/Source/portable/GCC/ARM_CM4F/port.o
 *fill*         0x20000ded        0x3 
 .bss.ulMaxPRIGROUPValue
                0x20000df0        0x4 ./Middlewares/Third_Party/FreeRTOS/Source/portable/GCC/ARM_CM4F/port.o
 .bss.ucHeap    0x20000df4     0x3c00 ./Middlewares/Third_Party/FreeRTOS/Source/portable/MemMang/heap_4.o
 .bss.xStart    0x200049f4        0x8 ./Middlewares/Third_Party/FreeRTOS/Source/portable/MemMang/heap_4.o
 .bss.pxEnd     0x200049fc        0x4 ./Middlewares/Third_Party/FreeRTOS/Source/portable/MemMang/heap_4.o
 .bss.xFreeBytesRemaining
                0x20004a00        0x4 ./Middlewares/Third_Party/FreeRTOS/Source/portable/MemMang/heap_4.o
 .bss.xMinimumEverFreeBytesRemaining
                0x20004a04        0x4 ./Middlewares/Third_Party/FreeRTOS/Source/portable/MemMang/heap_4.o
 .bss.xNumberOfSuccessfulAllocations
                0x20004a08        0x4 ./Middlewares/Third_Party/FreeRTOS/Source/portable/MemMang/heap_4.o
 .bss.xNumberOfSuccessfulFrees
                0x20004a0c        0x4 ./Middlewares/Third_Party/FreeRTOS/Source/portable/MemMang/heap_4.o
 .bss.xBlockAllocatedBit
                0x20004a10        0x4 ./Middlewares/Third_Party/FreeRTOS/Source/portable/MemMang/heap_4.o
 .bss.__sf      0x20004a14      0x138 /home/hwabok/st/stm32cubeide_1.15.1/plugins/com.st.stm32cube.ide.mcu.externaltools.gnu-tools-for-stm32.12.3.rel1.linux64_1.0.100.202403111256/tools/bin/../lib/gcc/arm-none-eabi/12.3.1/../../../../arm-none-eabi/lib/thumb/v7e-m+fp/hard/libc_nano.a(libc_a-findfp.o)
                0x20004a14                __sf
 .bss.__lock___malloc_recursive_mutex
                0x20004b4c        0x1 /home/hwabok/st/stm32cubeide_1.15.1/plugins/com.st.stm32cube.ide.mcu.externaltools.gnu-tools-for-stm32.12.3.rel1.linux64_1.0.100.202403111256/tools/bin/../lib/gcc/arm-none-eabi/12.3.1/../../../../arm-none-eabi/lib/thumb/v7e-m+fp/hard/libc_nano.a(libc_a-lock.o)
                0x20004b4c                __lock___malloc_recursive_mutex
 *fill*         0x20004b4d        0x3 
 .bss.__malloc_free_list
                0x20004b50        0x4 /home/hwabok/st/stm32cubeide_1.15.1/plugins/com.st.stm32cube.ide.mcu.externaltools.gnu-tools-for-stm32.12.3.rel1.linux64_1.0.100.202403111256/tools/bin/../lib/gcc/arm-none-eabi/12.3.1/../../../../arm-none-eabi/lib/thumb/v7e-m+fp/hard/libc_nano.a(libc_a-mallocr.o)
                0x20004b50                __malloc_free_list
 *(COMMON)
                0x20004b54                        . = ALIGN (0x4)
                0x20004b54                        _ebss = .
                0x20004b54                        __bss_end__ = _ebss

._user_heap_stack
                0x20004b54      0x604 load address 0x0800832c
                0x20004b58                        . = ALIGN (0x8)
 *fill*         0x20004b54        0x4 
                [!provide]                        PROVIDE (end = .)
                0x20004b58                        PROVIDE (_end = .)
                0x20004d58                        . = (. + _Min_Heap_Size)
 *fill*         0x20004b58      0x200 
                0x20005158                        . = (. + _Min_Stack_Size)
 *fill*         0x20004d58      0x400 
                0x20005158                        . = ALIGN (0x8)

/DISCARD/
 libc.a(*)
 libm.a(*)
 libgcc.a(*)

.ARM.attributes
                0x00000000       0x30
 *(.ARM.attributes)
 .ARM.attributes
                0x00000000       0x22 /home/hwabok/st/stm32cubeide_1.15.1/plugins/com.st.stm32cube.ide.mcu.externaltools.gnu-tools-for-stm32.12.3.rel1.linux64_1.0.100.202403111256/tools/bin/../lib/gcc/arm-none-eabi/12.3.1/thumb/v7e-m+fp/hard/crti.o
 .ARM.attributes
                0x00000022       0x34 /home/hwabok/st/stm32cubeide_1.15.1/plugins/com.st.stm32cube.ide.mcu.externaltools.gnu-tools-for-stm32.12.3.rel1.linux64_1.0.100.202403111256/tools/bin/../lib/gcc/arm-none-eabi/12.3.1/thumb/v7e-m+fp/hard/crtbegin.o
 .ARM.attributes
                0x00000056       0x34 ./Core/Src/dma.o
 .ARM.attributes
                0x0000008a       0x34 ./Core/Src/freertos.o
 .ARM.attributes
                0x000000be       0x34 ./Core/Src/gpio.o
 .ARM.attributes
                0x000000f2       0x34 ./Core/Src/main.o
 .ARM.attributes
                0x00000126       0x34 ./Core/Src/rc522.o
 .ARM.attributes
                0x0000015a       0x34 ./Core/Src/scan_motor.o
 .ARM.attributes
                0x0000018e       0x34 ./Core/Src/spi.o
 .ARM.attributes
                0x000001c2       0x34 ./Core/Src/stm32f4xx_hal_msp.o
 .ARM.attributes
                0x000001f6       0x34 ./Core/Src/stm32f4xx_hal_timebase_tim.o
 .ARM.attributes
                0x0000022a       0x34 ./Core/Src/stm32f4xx_it.o
 .ARM.attributes
                0x0000025e       0x34 ./Core/Src/system_stm32f4xx.o
 .ARM.attributes
                0x00000292       0x34 ./Core/Src/tim.o
 .ARM.attributes
                0x000002c6       0x34 ./Core/Src/uart_receive_dma.o
 .ARM.attributes
                0x000002fa       0x34 ./Core/Src/usart.o
 .ARM.attributes
                0x0000032e       0x21 ./Core/Startup/startup_stm32f446retx.o
 .ARM.attributes
                0x0000034f       0x34 ./Drivers/STM32F4xx_HAL_Driver/Src/stm32f4xx_hal.o
 .ARM.attributes
                0x00000383       0x34 ./Drivers/STM32F4xx_HAL_Driver/Src/stm32f4xx_hal_cortex.o
 .ARM.attributes
                0x000003b7       0x34 ./Drivers/STM32F4xx_HAL_Driver/Src/stm32f4xx_hal_dma.o
 .ARM.attributes
                0x000003eb       0x34 ./Drivers/STM32F4xx_HAL_Driver/Src/stm32f4xx_hal_gpio.o
 .ARM.attributes
                0x0000041f       0x34 ./Drivers/STM32F4xx_HAL_Driver/Src/stm32f4xx_hal_pwr_ex.o
 .ARM.attributes
                0x00000453       0x34 ./Drivers/STM32F4xx_HAL_Driver/Src/stm32f4xx_hal_rcc.o
 .ARM.attributes
                0x00000487       0x34 ./Drivers/STM32F4xx_HAL_Driver/Src/stm32f4xx_hal_rcc_ex.o
 .ARM.attributes
                0x000004bb       0x34 ./Drivers/STM32F4xx_HAL_Driver/Src/stm32f4xx_hal_spi.o
 .ARM.attributes
                0x000004ef       0x34 ./Drivers/STM32F4xx_HAL_Driver/Src/stm32f4xx_hal_tim.o
 .ARM.attributes
                0x00000523       0x34 ./Drivers/STM32F4xx_HAL_Driver/Src/stm32f4xx_hal_tim_ex.o
 .ARM.attributes
                0x00000557       0x34 ./Drivers/STM32F4xx_HAL_Driver/Src/stm32f4xx_hal_uart.o
 .ARM.attributes
                0x0000058b       0x34 ./Middlewares/Third_Party/FreeRTOS/Source/CMSIS_RTOS/cmsis_os.o
 .ARM.attributes
                0x000005bf       0x34 ./Middlewares/Third_Party/FreeRTOS/Source/list.o
 .ARM.attributes
                0x000005f3       0x34 ./Middlewares/Third_Party/FreeRTOS/Source/tasks.o
 .ARM.attributes
                0x00000627       0x34 ./Middlewares/Third_Party/FreeRTOS/Source/portable/GCC/ARM_CM4F/port.o
 .ARM.attributes
                0x0000065b       0x34 ./Middlewares/Third_Party/FreeRTOS/Source/portable/MemMang/heap_4.o
 .ARM.attributes
                0x0000068f       0x34 /home/hwabok/st/stm32cubeide_1.15.1/plugins/com.st.stm32cube.ide.mcu.externaltools.gnu-tools-for-stm32.12.3.rel1.linux64_1.0.100.202403111256/tools/bin/../lib/gcc/arm-none-eabi/12.3.1/../../../../arm-none-eabi/lib/thumb/v7e-m+fp/hard/libc_nano.a(libc_a-findfp.o)
 .ARM.attributes
                0x000006c3       0x34 /home/hwabok/st/stm32cubeide_1.15.1/plugins/com.st.stm32cube.ide.mcu.externaltools.gnu-tools-for-stm32.12.3.rel1.linux64_1.0.100.202403111256/tools/bin/../lib/gcc/arm-none-eabi/12.3.1/../../../../arm-none-eabi/lib/thumb/v7e-m+fp/hard/libc_nano.a(libc_a-memset.o)
 .ARM.attributes
                0x000006f7       0x34 /home/hwabok/st/stm32cubeide_1.15.1/plugins/com.st.stm32cube.ide.mcu.externaltools.gnu-tools-for-stm32.12.3.rel1.linux64_1.0.100.202403111256/tools/bin/../lib/gcc/arm-none-eabi/12.3.1/../../../../arm-none-eabi/lib/thumb/v7e-m+fp/hard/libc_nano.a(libc_a-strchr.o)
 .ARM.attributes
                0x0000072b       0x34 /home/hwabok/st/stm32cubeide_1.15.1/plugins/com.st.stm32cube.ide.mcu.externaltools.gnu-tools-for-stm32.12.3.rel1.linux64_1.0.100.202403111256/tools/bin/../lib/gcc/arm-none-eabi/12.3.1/../../../../arm-none-eabi/lib/thumb/v7e-m+fp/hard/libc_nano.a(libc_a-reent.o)
 .ARM.attributes
                0x0000075f       0x34 /home/hwabok/st/stm32cubeide_1.15.1/plugins/com.st.stm32cube.ide.mcu.externaltools.gnu-tools-for-stm32.12.3.rel1.linux64_1.0.100.202403111256/tools/bin/../lib/gcc/arm-none-eabi/12.3.1/../../../../arm-none-eabi/lib/thumb/v7e-m+fp/hard/libc_nano.a(libc_a-impure.o)
 .ARM.attributes
                0x00000793       0x34 /home/hwabok/st/stm32cubeide_1.15.1/plugins/com.st.stm32cube.ide.mcu.externaltools.gnu-tools-for-stm32.12.3.rel1.linux64_1.0.100.202403111256/tools/bin/../lib/gcc/arm-none-eabi/12.3.1/../../../../arm-none-eabi/lib/thumb/v7e-m+fp/hard/libc_nano.a(libc_a-init.o)
 .ARM.attributes
                0x000007c7       0x34 /home/hwabok/st/stm32cubeide_1.15.1/plugins/com.st.stm32cube.ide.mcu.externaltools.gnu-tools-for-stm32.12.3.rel1.linux64_1.0.100.202403111256/tools/bin/../lib/gcc/arm-none-eabi/12.3.1/../../../../arm-none-eabi/lib/thumb/v7e-m+fp/hard/libc_nano.a(libc_a-lock.o)
 .ARM.attributes
                0x000007fb       0x34 /home/hwabok/st/stm32cubeide_1.15.1/plugins/com.st.stm32cube.ide.mcu.externaltools.gnu-tools-for-stm32.12.3.rel1.linux64_1.0.100.202403111256/tools/bin/../lib/gcc/arm-none-eabi/12.3.1/../../../../arm-none-eabi/lib/thumb/v7e-m+fp/hard/libc_nano.a(libc_a-freer.o)
 .ARM.attributes
                0x0000082f       0x34 /home/hwabok/st/stm32cubeide_1.15.1/plugins/com.st.stm32cube.ide.mcu.externaltools.gnu-tools-for-stm32.12.3.rel1.linux64_1.0.100.202403111256/tools/bin/../lib/gcc/arm-none-eabi/12.3.1/../../../../arm-none-eabi/lib/thumb/v7e-m+fp/hard/libc_nano.a(libc_a-mallocr.o)
 .ARM.attributes
                0x00000863       0x34 /home/hwabok/st/stm32cubeide_1.15.1/plugins/com.st.stm32cube.ide.mcu.externaltools.gnu-tools-for-stm32.12.3.rel1.linux64_1.0.100.202403111256/tools/bin/../lib/gcc/arm-none-eabi/12.3.1/../../../../arm-none-eabi/lib/thumb/v7e-m+fp/hard/libc_nano.a(libc_a-mlock.o)
 .ARM.attributes
                0x00000897       0x22 /home/hwabok/st/stm32cubeide_1.15.1/plugins/com.st.stm32cube.ide.mcu.externaltools.gnu-tools-for-stm32.12.3.rel1.linux64_1.0.100.202403111256/tools/bin/../lib/gcc/arm-none-eabi/12.3.1/thumb/v7e-m+fp/hard/libgcc.a(_aeabi_uldivmod.o)
 .ARM.attributes
                0x000008b9       0x34 /home/hwabok/st/stm32cubeide_1.15.1/plugins/com.st.stm32cube.ide.mcu.externaltools.gnu-tools-for-stm32.12.3.rel1.linux64_1.0.100.202403111256/tools/bin/../lib/gcc/arm-none-eabi/12.3.1/thumb/v7e-m+fp/hard/libgcc.a(_udivmoddi4.o)
 .ARM.attributes
                0x000008ed       0x22 /home/hwabok/st/stm32cubeide_1.15.1/plugins/com.st.stm32cube.ide.mcu.externaltools.gnu-tools-for-stm32.12.3.rel1.linux64_1.0.100.202403111256/tools/bin/../lib/gcc/arm-none-eabi/12.3.1/thumb/v7e-m+fp/hard/libgcc.a(_dvmd_tls.o)
 .ARM.attributes
                0x0000090f       0x22 /home/hwabok/st/stm32cubeide_1.15.1/plugins/com.st.stm32cube.ide.mcu.externaltools.gnu-tools-for-stm32.12.3.rel1.linux64_1.0.100.202403111256/tools/bin/../lib/gcc/arm-none-eabi/12.3.1/thumb/v7e-m+fp/hard/crtn.o
OUTPUT(library-robot-library-robot-RFID_Moter_f446re_fix-main.elf elf32-littlearm)
LOAD linker stubs
LOAD /home/hwabok/st/stm32cubeide_1.15.1/plugins/com.st.stm32cube.ide.mcu.externaltools.gnu-tools-for-stm32.12.3.rel1.linux64_1.0.100.202403111256/tools/bin/../lib/gcc/arm-none-eabi/12.3.1/../../../../arm-none-eabi/lib/thumb/v7e-m+fp/hard/libc.a
LOAD /home/hwabok/st/stm32cubeide_1.15.1/plugins/com.st.stm32cube.ide.mcu.externaltools.gnu-tools-for-stm32.12.3.rel1.linux64_1.0.100.202403111256/tools/bin/../lib/gcc/arm-none-eabi/12.3.1/../../../../arm-none-eabi/lib/thumb/v7e-m+fp/hard/libm.a
LOAD /home/hwabok/st/stm32cubeide_1.15.1/plugins/com.st.stm32cube.ide.mcu.externaltools.gnu-tools-for-stm32.12.3.rel1.linux64_1.0.100.202403111256/tools/bin/../lib/gcc/arm-none-eabi/12.3.1/thumb/v7e-m+fp/hard/libgcc.a

.debug_info     0x00000000    0x1a501
 .debug_info    0x00000000      0x514 ./Core/Src/dma.o
 .debug_info    0x00000514     0x13f9 ./Core/Src/freertos.o
 .debug_info    0x0000190d      0x6b0 ./Core/Src/gpio.o
 .debug_info    0x00001fbd      0xd9c ./Core/Src/main.o
 .debug_info    0x00002d59      0xc40 ./Core/Src/rc522.o
 .debug_info    0x00003999      0x35b ./Core/Src/scan_motor.o
 .debug_info    0x00003cf4      0xc1d ./Core/Src/spi.o
 .debug_info    0x00004911      0x505 ./Core/Src/stm32f4xx_hal_msp.o
 .debug_info    0x00004e16      0xc44 ./Core/Src/stm32f4xx_hal_timebase_tim.o
 .debug_info    0x00005a5a      0xc92 ./Core/Src/stm32f4xx_it.o
 .debug_info    0x000066ec      0x54a ./Core/Src/system_stm32f4xx.o
 .debug_info    0x00006c36      0xc47 ./Core/Src/tim.o
 .debug_info    0x0000787d      0x99a ./Core/Src/uart_receive_dma.o
 .debug_info    0x00008217      0xcf8 ./Core/Src/usart.o
 .debug_info    0x00008f0f       0x30 ./Core/Startup/startup_stm32f446retx.o
 .debug_info    0x00008f3f      0x99a ./Drivers/STM32F4xx_HAL_Driver/Src/stm32f4xx_hal.o
 .debug_info    0x000098d9      0xd75 ./Drivers/STM32F4xx_HAL_Driver/Src/stm32f4xx_hal_cortex.o
 .debug_info    0x0000a64e      0x8e7 ./Drivers/STM32F4xx_HAL_Driver/Src/stm32f4xx_hal_dma.o
 .debug_info    0x0000af35      0x70b ./Drivers/STM32F4xx_HAL_Driver/Src/stm32f4xx_hal_gpio.o
 .debug_info    0x0000b640      0x6da ./Drivers/STM32F4xx_HAL_Driver/Src/stm32f4xx_hal_pwr_ex.o
 .debug_info    0x0000bd1a      0x8ed ./Drivers/STM32F4xx_HAL_Driver/Src/stm32f4xx_hal_rcc.o
 .debug_info    0x0000c607      0x956 ./Drivers/STM32F4xx_HAL_Driver/Src/stm32f4xx_hal_rcc_ex.o
 .debug_info    0x0000cf5d     0x15fb ./Drivers/STM32F4xx_HAL_Driver/Src/stm32f4xx_hal_spi.o
 .debug_info    0x0000e558     0x299d ./Drivers/STM32F4xx_HAL_Driver/Src/stm32f4xx_hal_tim.o
 .debug_info    0x00010ef5     0x14db ./Drivers/STM32F4xx_HAL_Driver/Src/stm32f4xx_hal_tim_ex.o
 .debug_info    0x000123d0     0x2f4f ./Drivers/STM32F4xx_HAL_Driver/Src/stm32f4xx_hal_uart.o
 .debug_info    0x0001531f     0x21e2 ./Middlewares/Third_Party/FreeRTOS/Source/CMSIS_RTOS/cmsis_os.o
 .debug_info    0x00017501      0x2af ./Middlewares/Third_Party/FreeRTOS/Source/list.o
 .debug_info    0x000177b0     0x239e ./Middlewares/Third_Party/FreeRTOS/Source/tasks.o
 .debug_info    0x00019b4e      0x4de ./Middlewares/Third_Party/FreeRTOS/Source/portable/GCC/ARM_CM4F/port.o
 .debug_info    0x0001a02c      0x4d5 ./Middlewares/Third_Party/FreeRTOS/Source/portable/MemMang/heap_4.o

.debug_abbrev   0x00000000     0x42c9
 .debug_abbrev  0x00000000      0x11b ./Core/Src/dma.o
 .debug_abbrev  0x0000011b      0x2e3 ./Core/Src/freertos.o
 .debug_abbrev  0x000003fe      0x174 ./Core/Src/gpio.o
 .debug_abbrev  0x00000572      0x279 ./Core/Src/main.o
 .debug_abbrev  0x000007eb      0x29c ./Core/Src/rc522.o
 .debug_abbrev  0x00000a87      0x16a ./Core/Src/scan_motor.o
 .debug_abbrev  0x00000bf1      0x212 ./Core/Src/spi.o
 .debug_abbrev  0x00000e03      0x119 ./Core/Src/stm32f4xx_hal_msp.o
 .debug_abbrev  0x00000f1c      0x1f4 ./Core/Src/stm32f4xx_hal_timebase_tim.o
 .debug_abbrev  0x00001110      0x1c7 ./Core/Src/stm32f4xx_it.o
 .debug_abbrev  0x000012d7      0x11a ./Core/Src/system_stm32f4xx.o
 .debug_abbrev  0x000013f1      0x219 ./Core/Src/tim.o
 .debug_abbrev  0x0000160a      0x273 ./Core/Src/uart_receive_dma.o
 .debug_abbrev  0x0000187d      0x234 ./Core/Src/usart.o
 .debug_abbrev  0x00001ab1       0x24 ./Core/Startup/startup_stm32f446retx.o
 .debug_abbrev  0x00001ad5      0x214 ./Drivers/STM32F4xx_HAL_Driver/Src/stm32f4xx_hal.o
 .debug_abbrev  0x00001ce9      0x328 ./Drivers/STM32F4xx_HAL_Driver/Src/stm32f4xx_hal_cortex.o
 .debug_abbrev  0x00002011      0x264 ./Drivers/STM32F4xx_HAL_Driver/Src/stm32f4xx_hal_dma.o
 .debug_abbrev  0x00002275      0x1d4 ./Drivers/STM32F4xx_HAL_Driver/Src/stm32f4xx_hal_gpio.o
 .debug_abbrev  0x00002449      0x1cf ./Drivers/STM32F4xx_HAL_Driver/Src/stm32f4xx_hal_pwr_ex.o
 .debug_abbrev  0x00002618      0x2b6 ./Drivers/STM32F4xx_HAL_Driver/Src/stm32f4xx_hal_rcc.o
 .debug_abbrev  0x000028ce      0x20a ./Drivers/STM32F4xx_HAL_Driver/Src/stm32f4xx_hal_rcc_ex.o
 .debug_abbrev  0x00002ad8      0x284 ./Drivers/STM32F4xx_HAL_Driver/Src/stm32f4xx_hal_spi.o
 .debug_abbrev  0x00002d5c      0x278 ./Drivers/STM32F4xx_HAL_Driver/Src/stm32f4xx_hal_tim.o
 .debug_abbrev  0x00002fd4      0x283 ./Drivers/STM32F4xx_HAL_Driver/Src/stm32f4xx_hal_tim_ex.o
 .debug_abbrev  0x00003257      0x30e ./Drivers/STM32F4xx_HAL_Driver/Src/stm32f4xx_hal_uart.o
 .debug_abbrev  0x00003565      0x426 ./Middlewares/Third_Party/FreeRTOS/Source/CMSIS_RTOS/cmsis_os.o
 .debug_abbrev  0x0000398b       0xf5 ./Middlewares/Third_Party/FreeRTOS/Source/list.o
 .debug_abbrev  0x00003a80      0x3d0 ./Middlewares/Third_Party/FreeRTOS/Source/tasks.o
 .debug_abbrev  0x00003e50      0x25c ./Middlewares/Third_Party/FreeRTOS/Source/portable/GCC/ARM_CM4F/port.o
 .debug_abbrev  0x000040ac      0x21d ./Middlewares/Third_Party/FreeRTOS/Source/portable/MemMang/heap_4.o

.debug_aranges  0x00000000     0x15f8
 .debug_aranges
                0x00000000       0x20 ./Core/Src/dma.o
 .debug_aranges
                0x00000020       0x58 ./Core/Src/freertos.o
 .debug_aranges
                0x00000078       0x20 ./Core/Src/gpio.o
 .debug_aranges
                0x00000098       0x40 ./Core/Src/main.o
 .debug_aranges
                0x000000d8       0xa8 ./Core/Src/rc522.o
 .debug_aranges
                0x00000180       0x30 ./Core/Src/scan_motor.o
 .debug_aranges
                0x000001b0       0x30 ./Core/Src/spi.o
 .debug_aranges
                0x000001e0       0x20 ./Core/Src/stm32f4xx_hal_msp.o
 .debug_aranges
                0x00000200       0x30 ./Core/Src/stm32f4xx_hal_timebase_tim.o
 .debug_aranges
                0x00000230       0x88 ./Core/Src/stm32f4xx_it.o
 .debug_aranges
                0x000002b8       0x28 ./Core/Src/system_stm32f4xx.o
 .debug_aranges
                0x000002e0       0x38 ./Core/Src/tim.o
 .debug_aranges
                0x00000318       0x68 ./Core/Src/uart_receive_dma.o
 .debug_aranges
                0x00000380       0x40 ./Core/Src/usart.o
 .debug_aranges
                0x000003c0       0x28 ./Core/Startup/startup_stm32f446retx.o
 .debug_aranges
                0x000003e8       0xf0 ./Drivers/STM32F4xx_HAL_Driver/Src/stm32f4xx_hal.o
 .debug_aranges
                0x000004d8      0x120 ./Drivers/STM32F4xx_HAL_Driver/Src/stm32f4xx_hal_cortex.o
 .debug_aranges
                0x000005f8       0x90 ./Drivers/STM32F4xx_HAL_Driver/Src/stm32f4xx_hal_dma.o
 .debug_aranges
                0x00000688       0x58 ./Drivers/STM32F4xx_HAL_Driver/Src/stm32f4xx_hal_gpio.o
 .debug_aranges
                0x000006e0       0x60 ./Drivers/STM32F4xx_HAL_Driver/Src/stm32f4xx_hal_pwr_ex.o
 .debug_aranges
                0x00000740       0x88 ./Drivers/STM32F4xx_HAL_Driver/Src/stm32f4xx_hal_rcc.o
 .debug_aranges
                0x000007c8       0x78 ./Drivers/STM32F4xx_HAL_Driver/Src/stm32f4xx_hal_rcc_ex.o
 .debug_aranges
                0x00000840      0x1d0 ./Drivers/STM32F4xx_HAL_Driver/Src/stm32f4xx_hal_spi.o
 .debug_aranges
                0x00000a10      0x3d0 ./Drivers/STM32F4xx_HAL_Driver/Src/stm32f4xx_hal_tim.o
 .debug_aranges
                0x00000de0      0x168 ./Drivers/STM32F4xx_HAL_Driver/Src/stm32f4xx_hal_tim_ex.o
 .debug_aranges
                0x00000f48      0x208 ./Drivers/STM32F4xx_HAL_Driver/Src/stm32f4xx_hal_uart.o
 .debug_aranges
                0x00001150      0x1d8 ./Middlewares/Third_Party/FreeRTOS/Source/CMSIS_RTOS/cmsis_os.o
 .debug_aranges
                0x00001328       0x40 ./Middlewares/Third_Party/FreeRTOS/Source/list.o
 .debug_aranges
                0x00001368      0x1b8 ./Middlewares/Third_Party/FreeRTOS/Source/tasks.o
 .debug_aranges
                0x00001520       0x80 ./Middlewares/Third_Party/FreeRTOS/Source/portable/GCC/ARM_CM4F/port.o
 .debug_aranges
                0x000015a0       0x58 ./Middlewares/Third_Party/FreeRTOS/Source/portable/MemMang/heap_4.o

.debug_rnglists
                0x00000000     0x10ed
 .debug_rnglists
                0x00000000       0x13 ./Core/Src/dma.o
 .debug_rnglists
                0x00000013       0x3e ./Core/Src/freertos.o
 .debug_rnglists
                0x00000051       0x14 ./Core/Src/gpio.o
 .debug_rnglists
                0x00000065       0x2c ./Core/Src/main.o
 .debug_rnglists
                0x00000091       0x7e ./Core/Src/rc522.o
 .debug_rnglists
                0x0000010f       0x1f ./Core/Src/scan_motor.o
 .debug_rnglists
                0x0000012e       0x20 ./Core/Src/spi.o
 .debug_rnglists
                0x0000014e       0x13 ./Core/Src/stm32f4xx_hal_msp.o
 .debug_rnglists
                0x00000161       0x20 ./Core/Src/stm32f4xx_hal_timebase_tim.o
 .debug_rnglists
                0x00000181       0x61 ./Core/Src/stm32f4xx_it.o
 .debug_rnglists
                0x000001e2       0x1a ./Core/Src/system_stm32f4xx.o
 .debug_rnglists
                0x000001fc       0x26 ./Core/Src/tim.o
 .debug_rnglists
                0x00000222       0x4b ./Core/Src/uart_receive_dma.o
 .debug_rnglists
                0x0000026d       0x2d ./Core/Src/usart.o
 .debug_rnglists
                0x0000029a       0x19 ./Core/Startup/startup_stm32f446retx.o
 .debug_rnglists
                0x000002b3       0xaf ./Drivers/STM32F4xx_HAL_Driver/Src/stm32f4xx_hal.o
 .debug_rnglists
                0x00000362       0xd4 ./Drivers/STM32F4xx_HAL_Driver/Src/stm32f4xx_hal_cortex.o
 .debug_rnglists
                0x00000436       0x70 ./Drivers/STM32F4xx_HAL_Driver/Src/stm32f4xx_hal_dma.o
 .debug_rnglists
                0x000004a6       0x3f ./Drivers/STM32F4xx_HAL_Driver/Src/stm32f4xx_hal_gpio.o
 .debug_rnglists
                0x000004e5       0x47 ./Drivers/STM32F4xx_HAL_Driver/Src/stm32f4xx_hal_pwr_ex.o
 .debug_rnglists
                0x0000052c       0x66 ./Drivers/STM32F4xx_HAL_Driver/Src/stm32f4xx_hal_rcc.o
 .debug_rnglists
                0x00000592       0x5e ./Drivers/STM32F4xx_HAL_Driver/Src/stm32f4xx_hal_rcc_ex.o
 .debug_rnglists
                0x000005f0      0x16f ./Drivers/STM32F4xx_HAL_Driver/Src/stm32f4xx_hal_spi.o
 .debug_rnglists
                0x0000075f      0x31a ./Drivers/STM32F4xx_HAL_Driver/Src/stm32f4xx_hal_tim.o
 .debug_rnglists
                0x00000a79      0x125 ./Drivers/STM32F4xx_HAL_Driver/Src/stm32f4xx_hal_tim_ex.o
 .debug_rnglists
                0x00000b9e      0x1bc ./Drivers/STM32F4xx_HAL_Driver/Src/stm32f4xx_hal_uart.o
 .debug_rnglists
                0x00000d5a      0x16a ./Middlewares/Third_Party/FreeRTOS/Source/CMSIS_RTOS/cmsis_os.o
 .debug_rnglists
                0x00000ec4       0x2b ./Middlewares/Third_Party/FreeRTOS/Source/list.o
 .debug_rnglists
                0x00000eef      0x15f ./Middlewares/Third_Party/FreeRTOS/Source/tasks.o
 .debug_rnglists
                0x0000104e       0x5d ./Middlewares/Third_Party/FreeRTOS/Source/portable/GCC/ARM_CM4F/port.o
 .debug_rnglists
                0x000010ab       0x42 ./Middlewares/Third_Party/FreeRTOS/Source/portable/MemMang/heap_4.o

.debug_macro    0x00000000    0x233dc
 .debug_macro   0x00000000      0x1f1 ./Core/Src/dma.o
 .debug_macro   0x000001f1      0x2a1 ./Core/Src/dma.o
 .debug_macro   0x00000492       0x2e ./Core/Src/dma.o
 .debug_macro   0x000004c0       0x28 ./Core/Src/dma.o
 .debug_macro   0x000004e8       0x8e ./Core/Src/dma.o
 .debug_macro   0x00000576       0x51 ./Core/Src/dma.o
 .debug_macro   0x000005c7       0x1c ./Core/Src/dma.o
 .debug_macro   0x000005e3       0x22 ./Core/Src/dma.o
 .debug_macro   0x00000605       0xfb ./Core/Src/dma.o
 .debug_macro   0x00000700     0x1011 ./Core/Src/dma.o
 .debug_macro   0x00001711      0x11f ./Core/Src/dma.o
 .debug_macro   0x00001830    0x16749 ./Core/Src/dma.o
 .debug_macro   0x00017f79       0x6d ./Core/Src/dma.o
 .debug_macro   0x00017fe6     0x368c ./Core/Src/dma.o
 .debug_macro   0x0001b672      0x189 ./Core/Src/dma.o
 .debug_macro   0x0001b7fb       0x5c ./Core/Src/dma.o
 .debug_macro   0x0001b857      0xca5 ./Core/Src/dma.o
 .debug_macro   0x0001c4fc      0x9e9 ./Core/Src/dma.o
 .debug_macro   0x0001cee5      0x115 ./Core/Src/dma.o
 .debug_macro   0x0001cffa      0x1a0 ./Core/Src/dma.o
 .debug_macro   0x0001d19a       0xa5 ./Core/Src/dma.o
 .debug_macro   0x0001d23f      0x16d ./Core/Src/dma.o
 .debug_macro   0x0001d3ac      0x287 ./Core/Src/dma.o
 .debug_macro   0x0001d633       0x5f ./Core/Src/dma.o
 .debug_macro   0x0001d692      0x236 ./Core/Src/dma.o
 .debug_macro   0x0001d8c8      0x132 ./Core/Src/dma.o
 .debug_macro   0x0001d9fa      0x29c ./Core/Src/dma.o
 .debug_macro   0x0001dc96       0x2e ./Core/Src/dma.o
 .debug_macro   0x0001dcc4      0x127 ./Core/Src/dma.o
 .debug_macro   0x0001ddeb       0xe8 ./Core/Src/dma.o
 .debug_macro   0x0001ded3       0x89 ./Core/Src/dma.o
 .debug_macro   0x0001df5c      0x225 ./Core/Src/dma.o
 .debug_macro   0x0001e181      0x8ed ./Core/Src/dma.o
 .debug_macro   0x0001ea6e       0x53 ./Core/Src/dma.o
 .debug_macro   0x0001eac1      0x2aa ./Core/Src/dma.o
 .debug_macro   0x0001ed6b      0x126 ./Core/Src/dma.o
 .debug_macro   0x0001ee91       0xdc ./Core/Src/dma.o
 .debug_macro   0x0001ef6d      0x36d ./Core/Src/freertos.o
 .debug_macro   0x0001f2da       0x10 ./Core/Src/freertos.o
 .debug_macro   0x0001f2ea      0x244 ./Core/Src/freertos.o
 .debug_macro   0x0001f52e      0x1f1 ./Core/Src/gpio.o
 .debug_macro   0x0001f71f      0x389 ./Core/Src/main.o
 .debug_macro   0x0001faa8      0x1e7 ./Core/Src/rc522.o
 .debug_macro   0x0001fc8f      0x23e ./Core/Src/rc522.o
 .debug_macro   0x0001fecd      0x38e ./Core/Src/scan_motor.o
 .debug_macro   0x0002025b      0x1f1 ./Core/Src/spi.o
 .debug_macro   0x0002044c      0x1e7 ./Core/Src/stm32f4xx_hal_msp.o
 .debug_macro   0x00020633      0x1d8 ./Core/Src/stm32f4xx_hal_timebase_tim.o
 .debug_macro   0x0002080b      0x1f1 ./Core/Src/stm32f4xx_it.o
 .debug_macro   0x000209fc      0x1d8 ./Core/Src/system_stm32f4xx.o
 .debug_macro   0x00020bd4      0x1f1 ./Core/Src/tim.o
 .debug_macro   0x00020dc5      0x39f ./Core/Src/uart_receive_dma.o
 .debug_macro   0x00021164       0x10 ./Core/Src/uart_receive_dma.o
 .debug_macro   0x00021174       0x56 ./Core/Src/uart_receive_dma.o
 .debug_macro   0x000211ca      0x1f1 ./Core/Src/usart.o
 .debug_macro   0x000213bb      0x238 ./Drivers/STM32F4xx_HAL_Driver/Src/stm32f4xx_hal.o
 .debug_macro   0x000215f3      0x1d8 ./Drivers/STM32F4xx_HAL_Driver/Src/stm32f4xx_hal_cortex.o
 .debug_macro   0x000217cb      0x1de ./Drivers/STM32F4xx_HAL_Driver/Src/stm32f4xx_hal_dma.o
 .debug_macro   0x000219a9      0x1de ./Drivers/STM32F4xx_HAL_Driver/Src/stm32f4xx_hal_gpio.o
 .debug_macro   0x00021b87      0x1f0 ./Drivers/STM32F4xx_HAL_Driver/Src/stm32f4xx_hal_pwr_ex.o
 .debug_macro   0x00021d77      0x1fc ./Drivers/STM32F4xx_HAL_Driver/Src/stm32f4xx_hal_rcc.o
 .debug_macro   0x00021f73      0x1d8 ./Drivers/STM32F4xx_HAL_Driver/Src/stm32f4xx_hal_rcc_ex.o
 .debug_macro   0x0002214b      0x1e7 ./Drivers/STM32F4xx_HAL_Driver/Src/stm32f4xx_hal_spi.o
 .debug_macro   0x00022332      0x1d9 ./Drivers/STM32F4xx_HAL_Driver/Src/stm32f4xx_hal_tim.o
 .debug_macro   0x0002250b      0x1d8 ./Drivers/STM32F4xx_HAL_Driver/Src/stm32f4xx_hal_tim_ex.o
 .debug_macro   0x000226e3      0x1d9 ./Drivers/STM32F4xx_HAL_Driver/Src/stm32f4xx_hal_uart.o
 .debug_macro   0x000228bc      0x210 ./Middlewares/Third_Party/FreeRTOS/Source/CMSIS_RTOS/cmsis_os.o
 .debug_macro   0x00022acc       0xe9 ./Middlewares/Third_Party/FreeRTOS/Source/CMSIS_RTOS/cmsis_os.o
 .debug_macro   0x00022bb5      0x199 ./Middlewares/Third_Party/FreeRTOS/Source/list.o
 .debug_macro   0x00022d4e      0x28b ./Middlewares/Third_Party/FreeRTOS/Source/tasks.o
 .debug_macro   0x00022fd9       0x10 ./Middlewares/Third_Party/FreeRTOS/Source/tasks.o
 .debug_macro   0x00022fe9      0x233 ./Middlewares/Third_Party/FreeRTOS/Source/portable/GCC/ARM_CM4F/port.o
 .debug_macro   0x0002321c      0x1c0 ./Middlewares/Third_Party/FreeRTOS/Source/portable/MemMang/heap_4.o

.debug_line     0x00000000    0x1af3b
 .debug_line    0x00000000      0x6c9 ./Core/Src/dma.o
 .debug_line    0x000006c9      0xaea ./Core/Src/freertos.o
 .debug_line    0x000011b3      0x6ff ./Core/Src/gpio.o
 .debug_line    0x000018b2      0xaba ./Core/Src/main.o
 .debug_line    0x0000236c      0xbc6 ./Core/Src/rc522.o
 .debug_line    0x00002f32      0xa20 ./Core/Src/scan_motor.o
 .debug_line    0x00003952      0x761 ./Core/Src/spi.o
 .debug_line    0x000040b3      0x6cc ./Core/Src/stm32f4xx_hal_msp.o
 .debug_line    0x0000477f      0x746 ./Core/Src/stm32f4xx_hal_timebase_tim.o
 .debug_line    0x00004ec5      0x80f ./Core/Src/stm32f4xx_it.o
 .debug_line    0x000056d4      0x74f ./Core/Src/system_stm32f4xx.o
 .debug_line    0x00005e23      0x79b ./Core/Src/tim.o
 .debug_line    0x000065be      0xbd5 ./Core/Src/uart_receive_dma.o
 .debug_line    0x00007193      0x871 ./Core/Src/usart.o
 .debug_line    0x00007a04       0x7a ./Core/Startup/startup_stm32f446retx.o
 .debug_line    0x00007a7e      0x9b8 ./Drivers/STM32F4xx_HAL_Driver/Src/stm32f4xx_hal.o
 .debug_line    0x00008436      0xc80 ./Drivers/STM32F4xx_HAL_Driver/Src/stm32f4xx_hal_cortex.o
 .debug_line    0x000090b6      0xf28 ./Drivers/STM32F4xx_HAL_Driver/Src/stm32f4xx_hal_dma.o
 .debug_line    0x00009fde      0xb30 ./Drivers/STM32F4xx_HAL_Driver/Src/stm32f4xx_hal_gpio.o
 .debug_line    0x0000ab0e      0x8e1 ./Drivers/STM32F4xx_HAL_Driver/Src/stm32f4xx_hal_pwr_ex.o
 .debug_line    0x0000b3ef      0xd37 ./Drivers/STM32F4xx_HAL_Driver/Src/stm32f4xx_hal_rcc.o
 .debug_line    0x0000c126     0x13d6 ./Drivers/STM32F4xx_HAL_Driver/Src/stm32f4xx_hal_rcc_ex.o
 .debug_line    0x0000d4fc     0x1cb3 ./Drivers/STM32F4xx_HAL_Driver/Src/stm32f4xx_hal_spi.o
 .debug_line    0x0000f1af     0x375c ./Drivers/STM32F4xx_HAL_Driver/Src/stm32f4xx_hal_tim.o
 .debug_line    0x0001290b     0x19ae ./Drivers/STM32F4xx_HAL_Driver/Src/stm32f4xx_hal_tim_ex.o
 .debug_line    0x000142b9     0x288a ./Drivers/STM32F4xx_HAL_Driver/Src/stm32f4xx_hal_uart.o
 .debug_line    0x00016b43     0x11ce ./Middlewares/Third_Party/FreeRTOS/Source/CMSIS_RTOS/cmsis_os.o
 .debug_line    0x00017d11      0x6fe ./Middlewares/Third_Party/FreeRTOS/Source/list.o
 .debug_line    0x0001840f     0x193c ./Middlewares/Third_Party/FreeRTOS/Source/tasks.o
 .debug_line    0x00019d4b      0x8c7 ./Middlewares/Third_Party/FreeRTOS/Source/portable/GCC/ARM_CM4F/port.o
 .debug_line    0x0001a612      0x929 ./Middlewares/Third_Party/FreeRTOS/Source/portable/MemMang/heap_4.o

.debug_str      0x00000000    0xdc026
 .debug_str     0x00000000    0xcb1b2 ./Core/Src/dma.o
                              0xcb487 (size before relaxing)
 .debug_str     0x000cb1b2     0x8f0e ./Core/Src/freertos.o
                              0xd3e10 (size before relaxing)
 .debug_str     0x000d40c0       0xde ./Core/Src/gpio.o
                              0xcb555 (size before relaxing)
 .debug_str     0x000d419e      0x572 ./Core/Src/main.o
                              0xd3acd (size before relaxing)
 .debug_str     0x000d4710      0x335 ./Core/Src/rc522.o
                              0xcb7b7 (size before relaxing)
 .debug_str     0x000d4a45     0x16a6 ./Core/Src/scan_motor.o
                              0xd4113 (size before relaxing)
 .debug_str     0x000d60eb       0x6f ./Core/Src/spi.o
                              0xcb9f5 (size before relaxing)
 .debug_str     0x000d615a       0x2c ./Core/Src/stm32f4xx_hal_msp.o
                              0xcb477 (size before relaxing)
 .debug_str     0x000d6186      0x107 ./Core/Src/stm32f4xx_hal_timebase_tim.o
                              0xcb78f (size before relaxing)
 .debug_str     0x000d628d      0x1b5 ./Core/Src/stm32f4xx_it.o
                              0xcb86b (size before relaxing)
 .debug_str     0x000d6442       0xdb ./Core/Src/system_stm32f4xx.o
                              0xcac57 (size before relaxing)
 .debug_str     0x000d651d      0x21a ./Core/Src/tim.o
                              0xcb741 (size before relaxing)
 .debug_str     0x000d6737      0x1c4 ./Core/Src/uart_receive_dma.o
                              0xd4639 (size before relaxing)
 .debug_str     0x000d68fb       0x6d ./Core/Src/usart.o