../Core/Src/freertos.c:116:6:vApplicationGetIdleTaskMemory	24	static
../Core/Src/freertos.c:130:6:MX_FREERTOS_Init	216	static
../Core/Src/freertos.c:193:6:StartDefaultTask	16	static
../Core/Src/freertos.c:215:6:StartRfidExecuteTask	24	static
../Core/Src/freertos.c:238:6:StartTagNumTransmitTask	32	static
../Core/Src/freertos.c:265:6:controlmotor	16	static
../Core/Src/freertos.c:290:6:StarttransmitTask2	32	static
../Core/Src/freertos.c:320:6:subscription_str_callback	120	static
../Core/Src/freertos.c:340:6:debug_led	8	static
../Core/Src/freertos.c:354:6:StartRosTask	872	static
../Core/Src/freertos.c:458:6:StartTransePosition	48	static
