../Core/Src/freertos.c:119:6:vApplicationGetIdleTaskMemory	24	static
../Core/Src/freertos.c:133:6:MX_FREERTOS_Init	216	static
../Core/Src/freertos.c:196:6:StartDefaultTask	16	static
../Core/Src/freertos.c:221:6:StartRfidExecuteTask	24	static
../Core/Src/freertos.c:244:6:StartTagNumTransmitTask	32	static
../Core/Src/freertos.c:271:6:controlmotor	16	static
../Core/Src/freertos.c:296:6:StarttransmitTask2	32	static
../Core/Src/freertos.c:326:6:subscription_str_callback	120	static
../Core/Src/freertos.c:339:6:debug_led	8	static
../Core/Src/freertos.c:353:6:StartRosTask	536	static
../Core/Src/freertos.c:464:6:StartTransePosition	32	static
