../Core/Src/uart_receive_dma.c:32:6:uart_init	8	static
../Core/Src/uart_receive_dma.c:43:10:uart_available	16	static
../Core/Src/uart_receive_dma.c:52:9:uart_q8_read	16	static
../Core/Src/uart_receive_dma.c:66:6:read_rfid_number	24	static
../Core/Src/uart_receive_dma.c:87:6:transmitData	32	static
../Core/Src/uart_receive_dma.c:109:6:locationCatRfid	24	static
../Core/Src/uart_receive_dma.c:115:10:uart5_available	16	static
../Core/Src/uart_receive_dma.c:124:9:uart5_q8_read	16	static
../Core/Src/uart_receive_dma.c:135:6:read_location	32	static
../Core/Src/uart_receive_dma.c:179:10:uart2_available	16	static
../Core/Src/uart_receive_dma.c:188:9:uart2_q8_read	16	static
../Core/Src/uart_receive_dma.c:200:6:read_command	16	static
../Core/Src/uart_receive_dma.c:216:6:transmitCommand	8	static
